Archive member included to satisfy reference by file (symbol)

c:/mounriver/mounriver_studio/toolchain/risc-v embedded gcc/bin/../lib/gcc/riscv-none-embed/8.2.0/../../../../riscv-none-embed/lib/rv32imac/ilp32\libg_nano.a(lib_a-memset.o)
                              ./User/main.o (memset)
c:/mounriver/mounriver_studio/toolchain/risc-v embedded gcc/bin/../lib/gcc/riscv-none-embed/8.2.0/../../../../riscv-none-embed/lib/rv32imac/ilp32\libg_nano.a(lib_a-printf.o)
                              ./User/main.o (printf)
c:/mounriver/mounriver_studio/toolchain/risc-v embedded gcc/bin/../lib/gcc/riscv-none-embed/8.2.0/../../../../riscv-none-embed/lib/rv32imac/ilp32\libg_nano.a(lib_a-puts.o)
                              ./User/main.o (puts)
c:/mounriver/mounriver_studio/toolchain/risc-v embedded gcc/bin/../lib/gcc/riscv-none-embed/8.2.0/../../../../riscv-none-embed/lib/rv32imac/ilp32\libg_nano.a(lib_a-wbuf.o)
                              c:/mounriver/mounriver_studio/toolchain/risc-v embedded gcc/bin/../lib/gcc/riscv-none-embed/8.2.0/../../../../riscv-none-embed/lib/rv32imac/ilp32\libg_nano.a(lib_a-puts.o) (__swbuf_r)
c:/mounriver/mounriver_studio/toolchain/risc-v embedded gcc/bin/../lib/gcc/riscv-none-embed/8.2.0/../../../../riscv-none-embed/lib/rv32imac/ilp32\libg_nano.a(lib_a-wsetup.o)
                              c:/mounriver/mounriver_studio/toolchain/risc-v embedded gcc/bin/../lib/gcc/riscv-none-embed/8.2.0/../../../../riscv-none-embed/lib/rv32imac/ilp32\libg_nano.a(lib_a-puts.o) (__swsetup_r)
c:/mounriver/mounriver_studio/toolchain/risc-v embedded gcc/bin/../lib/gcc/riscv-none-embed/8.2.0/../../../../riscv-none-embed/lib/rv32imac/ilp32\libg_nano.a(lib_a-fflush.o)
                              c:/mounriver/mounriver_studio/toolchain/risc-v embedded gcc/bin/../lib/gcc/riscv-none-embed/8.2.0/../../../../riscv-none-embed/lib/rv32imac/ilp32\libg_nano.a(lib_a-wbuf.o) (_fflush_r)
c:/mounriver/mounriver_studio/toolchain/risc-v embedded gcc/bin/../lib/gcc/riscv-none-embed/8.2.0/../../../../riscv-none-embed/lib/rv32imac/ilp32\libg_nano.a(lib_a-findfp.o)
                              c:/mounriver/mounriver_studio/toolchain/risc-v embedded gcc/bin/../lib/gcc/riscv-none-embed/8.2.0/../../../../riscv-none-embed/lib/rv32imac/ilp32\libg_nano.a(lib_a-printf.o) (__sinit)
c:/mounriver/mounriver_studio/toolchain/risc-v embedded gcc/bin/../lib/gcc/riscv-none-embed/8.2.0/../../../../riscv-none-embed/lib/rv32imac/ilp32\libg_nano.a(lib_a-fwalk.o)
                              c:/mounriver/mounriver_studio/toolchain/risc-v embedded gcc/bin/../lib/gcc/riscv-none-embed/8.2.0/../../../../riscv-none-embed/lib/rv32imac/ilp32\libg_nano.a(lib_a-findfp.o) (_fwalk)
c:/mounriver/mounriver_studio/toolchain/risc-v embedded gcc/bin/../lib/gcc/riscv-none-embed/8.2.0/../../../../riscv-none-embed/lib/rv32imac/ilp32\libg_nano.a(lib_a-impure.o)
                              c:/mounriver/mounriver_studio/toolchain/risc-v embedded gcc/bin/../lib/gcc/riscv-none-embed/8.2.0/../../../../riscv-none-embed/lib/rv32imac/ilp32\libg_nano.a(lib_a-fflush.o) (_global_impure_ptr)
c:/mounriver/mounriver_studio/toolchain/risc-v embedded gcc/bin/../lib/gcc/riscv-none-embed/8.2.0/../../../../riscv-none-embed/lib/rv32imac/ilp32\libg_nano.a(lib_a-makebuf.o)
                              c:/mounriver/mounriver_studio/toolchain/risc-v embedded gcc/bin/../lib/gcc/riscv-none-embed/8.2.0/../../../../riscv-none-embed/lib/rv32imac/ilp32\libg_nano.a(lib_a-wsetup.o) (__smakebuf_r)
c:/mounriver/mounriver_studio/toolchain/risc-v embedded gcc/bin/../lib/gcc/riscv-none-embed/8.2.0/../../../../riscv-none-embed/lib/rv32imac/ilp32\libg_nano.a(lib_a-nano-freer.o)
                              c:/mounriver/mounriver_studio/toolchain/risc-v embedded gcc/bin/../lib/gcc/riscv-none-embed/8.2.0/../../../../riscv-none-embed/lib/rv32imac/ilp32\libg_nano.a(lib_a-wsetup.o) (_free_r)
c:/mounriver/mounriver_studio/toolchain/risc-v embedded gcc/bin/../lib/gcc/riscv-none-embed/8.2.0/../../../../riscv-none-embed/lib/rv32imac/ilp32\libg_nano.a(lib_a-nano-mallocr.o)
                              c:/mounriver/mounriver_studio/toolchain/risc-v embedded gcc/bin/../lib/gcc/riscv-none-embed/8.2.0/../../../../riscv-none-embed/lib/rv32imac/ilp32\libg_nano.a(lib_a-findfp.o) (_malloc_r)
c:/mounriver/mounriver_studio/toolchain/risc-v embedded gcc/bin/../lib/gcc/riscv-none-embed/8.2.0/../../../../riscv-none-embed/lib/rv32imac/ilp32\libg_nano.a(lib_a-nano-vfprintf.o)
                              c:/mounriver/mounriver_studio/toolchain/risc-v embedded gcc/bin/../lib/gcc/riscv-none-embed/8.2.0/../../../../riscv-none-embed/lib/rv32imac/ilp32\libg_nano.a(lib_a-printf.o) (_vfprintf_r)
c:/mounriver/mounriver_studio/toolchain/risc-v embedded gcc/bin/../lib/gcc/riscv-none-embed/8.2.0/../../../../riscv-none-embed/lib/rv32imac/ilp32\libg_nano.a(lib_a-nano-vfprintf_i.o)
[...]
Memory Configuration

Name             Origin             Length             Attributes
FLASH            0x0000000000005000 0x0000000000039000 xr
RAM              0x0000000020000000 0x0000000000008000 xrw
*default*        0x0000000000000000 0xffffffffffffffff

Linker script and memory map

LOAD ./User/ch32v30x_it.o
LOAD ./User/main.o
LOAD ./User/system_ch32v30x.o
LOAD ./Startup/startup_ch32v30x_D8C.o
LOAD ./Peripheral/src/ch32v30x_adc.o
LOAD ./Peripheral/src/ch32v30x_bkp.o
LOAD ./Peripheral/src/ch32v30x_can.o
LOAD ./Peripheral/src/ch32v30x_crc.o
LOAD ./Peripheral/src/ch32v30x_dac.o
LOAD ./Peripheral/src/ch32v30x_dbgmcu.o
LOAD ./Peripheral/src/ch32v30x_dma.o
LOAD ./Peripheral/src/ch32v30x_dvp.o
LOAD ./Peripheral/src/ch32v30x_eth.o
LOAD ./Peripheral/src/ch32v30x_exti.o
LOAD ./Peripheral/src/ch32v30x_flash.o
LOAD ./Peripheral/src/ch32v30x_fsmc.o
LOAD ./Peripheral/src/ch32v30x_gpio.o
LOAD ./Peripheral/src/ch32v30x_i2c.o
LOAD ./Peripheral/src/ch32v30x_iwdg.o
LOAD ./Peripheral/src/ch32v30x_misc.o
LOAD ./Peripheral/src/ch32v30x_opa.o
LOAD ./Peripheral/src/ch32v30x_pwr.o
LOAD ./Peripheral/src/ch32v30x_rcc.o
LOAD ./Peripheral/src/ch32v30x_rng.o
LOAD ./Peripheral/src/ch32v30x_rtc.o
LOAD ./Peripheral/src/ch32v30x_sdio.o
LOAD ./Peripheral/src/ch32v30x_spi.o
LOAD ./Peripheral/src/ch32v30x_tim.o
LOAD ./Peripheral/src/ch32v30x_usart.o
LOAD ./Peripheral/src/ch32v30x_wwdg.o
LOAD ./Debug/debug.o
LOAD ./Core/core_riscv.o
LOAD c:/mounriver/mounriver_studio/toolchain/risc-v embedded gcc/bin/../lib/gcc/riscv-none-embed/8.2.0/rv32imac/ilp32\libgcc.a
LOAD c:/mounriver/mounriver_studio/toolchain/risc-v embedded gcc/bin/../lib/gcc/riscv-none-embed/8.2.0/../../../../riscv-none-embed/lib/rv32imac/ilp32\libg_nano.a
LOAD c:/mounriver/mounriver_studio/toolchain/risc-v embedded gcc/bin/../lib/gcc/riscv-none-embed/8.2.0/../../../../riscv-none-embed/lib/rv32imac/ilp32\libc_nano.a
LOAD c:/mounriver/mounriver_studio/toolchain/risc-v embedded gcc/bin/../lib/gcc/riscv-none-embed/8.2.0/rv32imac/ilp32\libgcc.a
START GROUP
LOAD c:/mounriver/mounriver_studio/toolchain/risc-v embedded gcc/bin/../lib/gcc/riscv-none-embed/8.2.0/rv32imac/ilp32\libgcc.a
LOAD c:/mounriver/mounriver_studio/toolchain/risc-v embedded gcc/bin/../lib/gcc/riscv-none-embed/8.2.0/../../../../riscv-none-embed/lib/rv32imac/ilp32\libc_nano.a
LOAD c:/mounriver/mounriver_studio/toolchain/risc-v embedded gcc/bin/../lib/gcc/riscv-none-embed/8.2.0/../../../../riscv-none-embed/lib/rv32imac/ilp32\libnosys.a
END GROUP
START GROUP
LOAD c:/mounriver/mounriver_studio/toolchain/risc-v embedded gcc/bin/../lib/gcc/riscv-none-embed/8.2.0/rv32imac/ilp32\libgcc.a
LOAD c:/mounriver/mounriver_studio/toolchain/risc-v embedded gcc/bin/../lib/gcc/riscv-none-embed/8.2.0/../../../../riscv-none-embed/lib/rv32imac/ilp32\libc_nano.a
LOAD c:/mounriver/mounriver_studio/toolchain/risc-v embedded gcc/bin/../lib/gcc/riscv-none-embed/8.2.0/../../../../riscv-none-embed/lib/rv32imac/ilp32\libnosys.a
END GROUP
                0x0000000000000800                __stack_size = 0x800
                [!provide]                        PROVIDE (_stack_size = __stack_size)

.init           0x0000000000005000       0x38
                0x0000000000005000                _sinit = .
                0x0000000000005000                . = ALIGN (0x4)
 *(SORT_NONE(.init))
 .init          0x0000000000005000       0x38 ./Startup/startup_ch32v30x_D8C.o
                0x0000000000005000                _start
                0x0000000000005038                . = ALIGN (0x4)
                0x0000000000005038                _einit = .

.vector         0x0000000000005038      0x1c8
 *(.vector)
 .vector        0x0000000000005038      0x1a0 ./Startup/startup_ch32v30x_D8C.o
                0x0000000000005200                . = ALIGN (0x40)
 *fill*         0x00000000000051d8       0x28 

.text           0x0000000000005200     0x22a4
                0x0000000000005200                . = ALIGN (0x4)
 *(.text)
 .text          0x0000000000005200       0xa8 c:/mounriver/mounriver_studio/toolchain/risc-v embedded gcc/bin/../lib/gcc/riscv-none-embed/8.2.0/../../../../riscv-none-embed/lib/rv32imac/ilp32\libg_nano.a(lib_a-memset.o)
                0x0000000000005200                memset
 *(.text.*)
 .text.NMI_Handler
                0x00000000000052a8        0x4 ./User/ch32v30x_it.o
                0x00000000000052a8                NMI_Handler
 .text.HardFault_Handler
                0x00000000000052ac        0x2 ./User/ch32v30x_it.o
                0x00000000000052ac                HardFault_Handler
 .text.ADC_Function_Init
                0x00000000000052ae       0xc4 ./User/main.o
                0x00000000000052ae                ADC_Function_Init
 .text.DMA_Tx_Init
                0x0000000000005372       0x64 ./User/main.o
                0x0000000000005372                DMA_Tx_Init
 .text.Get_ConversionVal
                0x00000000000053d6       0x20 ./User/main.o
                0x00000000000053d6                Get_ConversionVal
 .text.startup.main
                0x00000000000053f6       0xd6 ./User/main.o
                0x00000000000053f6                main
 .text.SystemInit
                0x00000000000054cc       0xfa ./User/system_ch32v30x.o
                0x00000000000054cc                SystemInit
 .text.SystemCoreClockUpdate
                0x00000000000055c6       0xb4 ./User/system_ch32v30x.o
                0x00000000000055c6                SystemCoreClockUpdate
 .text.vector_handler
                0x000000000000567a       0xbe ./Startup/startup_ch32v30x_D8C.o
                0x000000000000567e                Ecall_M_Mode_Handler
                0x0000000000005680                Ecall_U_Mode_Handler
                0x0000000000005682                Break_Point_Handler
                0x0000000000005684                SysTick_Handler
                0x0000000000005686                SW_Handler
                0x0000000000005688                WWDG_IRQHandler
                0x000000000000568a                PVD_IRQHandler
                0x000000000000568c                TAMPER_IRQHandler
                0x000000000000568e                RTC_IRQHandler
                0x0000000000005690                FLASH_IRQHandler
                0x0000000000005692                RCC_IRQHandler
                0x0000000000005694                EXTI0_IRQHandler
                0x0000000000005696                EXTI1_IRQHandler
                0x0000000000005698                EXTI2_IRQHandler
                0x000000000000569a                EXTI3_IRQHandler
                0x000000000000569c                EXTI4_IRQHandler
                0x000000000000569e                DMA1_Channel1_IRQHandler
                0x00000000000056a0                DMA1_Channel2_IRQHandler
                0x00000000000056a2                DMA1_Channel3_IRQHandler
                0x00000000000056a4                DMA1_Channel4_IRQHandler
                0x00000000000056a6                DMA1_Channel5_IRQHandler
                0x00000000000056a8                DMA1_Channel6_IRQHandler
                0x00000000000056aa                DMA1_Channel7_IRQHandler
                0x00000000000056ac                ADC1_2_IRQHandler
                0x00000000000056ae                USB_HP_CAN1_TX_IRQHandler
                0x00000000000056b0                USB_LP_CAN1_RX0_IRQHandler
                0x00000000000056b2                CAN1_RX1_IRQHandler
                0x00000000000056b4                CAN1_SCE_IRQHandler
                0x00000000000056b6                EXTI9_5_IRQHandler
                0x00000000000056b8                TIM1_BRK_IRQHandler
                0x00000000000056ba                TIM1_UP_IRQHandler
                0x00000000000056bc                TIM1_TRG_COM_IRQHandler
                0x00000000000056be                TIM1_CC_IRQHandler
                0x00000000000056c0                TIM2_IRQHandler
                0x00000000000056c2                TIM3_IRQHandler
                0x00000000000056c4                TIM4_IRQHandler
                0x00000000000056c6                I2C1_EV_IRQHandler
                0x00000000000056c8                I2C1_ER_IRQHandler
                0x00000000000056ca                I2C2_EV_IRQHandler
                0x00000000000056cc                I2C2_ER_IRQHandler
                0x00000000000056ce                SPI1_IRQHandler
                0x00000000000056d0                SPI2_IRQHandler
                0x00000000000056d2                USART1_IRQHandler
                0x00000000000056d4                USART2_IRQHandler
                0x00000000000056d6                USART3_IRQHandler
                0x00000000000056d8                EXTI15_10_IRQHandler
                0x00000000000056da                RTCAlarm_IRQHandler
                0x00000000000056dc                USBWakeUp_IRQHandler
                0x00000000000056de                TIM8_BRK_IRQHandler
                0x00000000000056e0                TIM8_UP_IRQHandler
                0x00000000000056e2                TIM8_TRG_COM_IRQHandler
                0x00000000000056e4                TIM8_CC_IRQHandler
                0x00000000000056e6                RNG_IRQHandler
                0x00000000000056e8                FSMC_IRQHandler
                0x00000000000056ea                SDIO_IRQHandler
                0x00000000000056ec                TIM5_IRQHandler
                0x00000000000056ee                SPI3_IRQHandler
                0x00000000000056f0                UART4_IRQHandler
                0x00000000000056f2                UART5_IRQHandler
                0x00000000000056f4                TIM6_IRQHandler
                0x00000000000056f6                TIM7_IRQHandler
                0x00000000000056f8                DMA2_Channel1_IRQHandler
                0x00000000000056fa                DMA2_Channel2_IRQHandler
                0x00000000000056fc                DMA2_Channel3_IRQHandler
                0x00000000000056fe                DMA2_Channel4_IRQHandler
                0x0000000000005700                DMA2_Channel5_IRQHandler
                0x0000000000005702                ETH_IRQHandler
                0x0000000000005704                ETH_WKUP_IRQHandler
                0x0000000000005706                CAN2_TX_IRQHandler
                0x0000000000005708                CAN2_RX0_IRQHandler
                0x000000000000570a                CAN2_RX1_IRQHandler
                0x000000000000570c                CAN2_SCE_IRQHandler
                0x000000000000570e                OTG_FS_IRQHandler
                0x0000000000005710                USBHSWakeup_IRQHandler
                0x0000000000005712                USBHS_IRQHandler
                0x0000000000005714                DVP_IRQHandler
                0x0000000000005716                UART6_IRQHandler
                0x0000000000005718                UART7_IRQHandler
                0x000000000000571a                UART8_IRQHandler
                0x000000000000571c                TIM9_BRK_IRQHandler
                0x000000000000571e                TIM9_UP_IRQHandler
                0x0000000000005720                TIM9_TRG_COM_IRQHandler
                0x0000000000005722                TIM9_CC_IRQHandler
                0x0000000000005724                TIM10_BRK_IRQHandler
                0x0000000000005726                TIM10_UP_IRQHandler
                0x0000000000005728                TIM10_TRG_COM_IRQHandler
                0x000000000000572a                TIM10_CC_IRQHandler
                0x000000000000572c                DMA2_Channel6_IRQHandler
                0x000000000000572e                DMA2_Channel7_IRQHandler
                0x0000000000005730                DMA2_Channel8_IRQHandler
                0x0000000000005732                DMA2_Channel9_IRQHandler
                0x0000000000005734                DMA2_Channel10_IRQHandler
                0x0000000000005736                DMA2_Channel11_IRQHandler
 .text.handle_reset
                0x0000000000005738       0x8a ./Startup/startup_ch32v30x_D8C.o
                0x0000000000005738                handle_reset
 .text.ADC_DeInit
                0x00000000000057c2       0x46 ./Peripheral/src/ch32v30x_adc.o
                0x00000000000057c2                ADC_DeInit
 .text.ADC_Init
                0x0000000000005808       0x58 ./Peripheral/src/ch32v30x_adc.o
                0x0000000000005808                ADC_Init
 .text.ADC_Cmd  0x0000000000005860       0x10 ./Peripheral/src/ch32v30x_adc.o
                0x0000000000005860                ADC_Cmd
 .text.ADC_DMACmd
                0x0000000000005870       0x12 ./Peripheral/src/ch32v30x_adc.o
                0x0000000000005870                ADC_DMACmd
 .text.ADC_ResetCalibration
                0x0000000000005882        0xa ./Peripheral/src/ch32v30x_adc.o
                0x0000000000005882                ADC_ResetCalibration
 .text.ADC_GetResetCalibrationStatus
                0x000000000000588c        0x8 ./Peripheral/src/ch32v30x_adc.o
                0x000000000000588c                ADC_GetResetCalibrationStatus
 .text.ADC_StartCalibration
                0x0000000000005894        0xa ./Peripheral/src/ch32v30x_adc.o
                0x0000000000005894                ADC_StartCalibration
 .text.ADC_GetCalibrationStatus
                0x000000000000589e        0x8 ./Peripheral/src/ch32v30x_adc.o
                0x000000000000589e                ADC_GetCalibrationStatus
 .text.ADC_SoftwareStartConvCmd
                0x00000000000058a6       0x18 ./Peripheral/src/ch32v30x_adc.o
                0x00000000000058a6                ADC_SoftwareStartConvCmd
 .text.ADC_RegularChannelConfig
                0x00000000000058be       0xb8 ./Peripheral/src/ch32v30x_adc.o
                0x00000000000058be                ADC_RegularChannelConfig
 .text.ADC_BufferCmd
                0x0000000000005976       0x18 ./Peripheral/src/ch32v30x_adc.o
                0x0000000000005976                ADC_BufferCmd
 .text.Get_CalibrationValue
                0x000000000000598e      0x16e ./Peripheral/src/ch32v30x_adc.o
                0x000000000000598e                Get_CalibrationValue
 .text.DBGMCU_GetCHIPID
                0x0000000000005afc        0xa ./Peripheral/src/ch32v30x_dbgmcu.o
                0x0000000000005afc                DBGMCU_GetCHIPID
 .text.DMA_DeInit
                0x0000000000005b06      0x16c ./Peripheral/src/ch32v30x_dma.o
                0x0000000000005b06                DMA_DeInit
 .text.DMA_Init
                0x0000000000005c72       0x38 ./Peripheral/src/ch32v30x_dma.o
                0x0000000000005c72                DMA_Init
 .text.DMA_Cmd  0x0000000000005caa       0x14 ./Peripheral/src/ch32v30x_dma.o
                0x0000000000005caa                DMA_Cmd
 .text.GPIO_Init
                0x0000000000005cbe       0xc2 ./Peripheral/src/ch32v30x_gpio.o
                0x0000000000005cbe                GPIO_Init
 .text.RCC_ADCCLKConfig
                0x0000000000005d80       0x12 ./Peripheral/src/ch32v30x_rcc.o
                0x0000000000005d80                RCC_ADCCLKConfig
 .text.RCC_GetClocksFreq
                0x0000000000005d92      0x17e ./Peripheral/src/ch32v30x_rcc.o
                0x0000000000005d92                RCC_GetClocksFreq
 .text.RCC_AHBPeriphClockCmd
                0x0000000000005f10       0x1e ./Peripheral/src/ch32v30x_rcc.o
                0x0000000000005f10                RCC_AHBPeriphClockCmd
 .text.RCC_APB2PeriphClockCmd
                0x0000000000005f2e       0x1e ./Peripheral/src/ch32v30x_rcc.o
                0x0000000000005f2e                RCC_APB2PeriphClockCmd
 .text.RCC_APB2PeriphResetCmd
                0x0000000000005f4c       0x1e ./Peripheral/src/ch32v30x_rcc.o
                0x0000000000005f4c                RCC_APB2PeriphResetCmd
 .text.USART_Init
                0x0000000000005f6a       0xd8 ./Peripheral/src/ch32v30x_usart.o
                0x0000000000005f6a                USART_Init
 .text.USART_Cmd
                0x0000000000006042       0x1c ./Peripheral/src/ch32v30x_usart.o
                0x0000000000006042                USART_Cmd
 .text.USART_SendData
                0x000000000000605e        0xa ./Peripheral/src/ch32v30x_usart.o
                0x000000000000605e                USART_SendData
 .text.USART_GetFlagStatus
                0x0000000000006068        0xc ./Peripheral/src/ch32v30x_usart.o
                0x0000000000006068                USART_GetFlagStatus
 .text.Delay_Init
                0x0000000000006074       0x2a ./Debug/debug.o
                0x0000000000006074                Delay_Init
 .text.Delay_Ms
                0x000000000000609e       0x36 ./Debug/debug.o
                0x000000000000609e                Delay_Ms
 .text.USART_Printf_Init
                0x00000000000060d4       0x56 ./Debug/debug.o
                0x00000000000060d4                USART_Printf_Init
 .text._write   0x000000000000612a       0x4c ./Debug/debug.o
                0x000000000000612a                _write
 .text._sbrk    0x0000000000006176       0x26 ./Debug/debug.o
                0x0000000000006176                _sbrk
 .text.printf   0x000000000000619c       0x40 c:/mounriver/mounriver_studio/toolchain/risc-v embedded gcc/bin/../lib/gcc/riscv-none-embed/8.2.0/../../../../riscv-none-embed/lib/rv32imac/ilp32\libg_nano.a(lib_a-printf.o)
                0x000000000000619c                iprintf
                0x000000000000619c                printf
 .text._puts_r  0x00000000000061dc       0xda c:/mounriver/mounriver_studio/toolchain/risc-v embedded gcc/bin/../lib/gcc/riscv-none-embed/8.2.0/../../../../riscv-none-embed/lib/rv32imac/ilp32\libg_nano.a(lib_a-puts.o)
                0x00000000000061dc                _puts_r
 .text.puts     0x00000000000062b6        0xa c:/mounriver/mounriver_studio/toolchain/risc-v embedded gcc/bin/../lib/gcc/riscv-none-embed/8.2.0/../../../../riscv-none-embed/lib/rv32imac/ilp32\libg_nano.a(lib_a-puts.o)
                0x00000000000062b6                puts
 .text.__swbuf_r
                0x00000000000062c0       0xc0 c:/mounriver/mounriver_studio/toolchain/risc-v embedded gcc/bin/../lib/gcc/riscv-none-embed/8.2.0/../../../../riscv-none-embed/lib/rv32imac/ilp32\libg_nano.a(lib_a-wbuf.o)
                0x00000000000062c0                __swbuf_r
 .text.__swsetup_r
                0x0000000000006380      0x10c c:/mounriver/mounriver_studio/toolchain/risc-v embedded gcc/bin/../lib/gcc/riscv-none-embed/8.2.0/../../../../riscv-none-embed/lib/rv32imac/ilp32\libg_nano.a(lib_a-wsetup.o)
                0x0000000000006380                __swsetup_r
 .text.__sflush_r
                0x000000000000648c      0x13c c:/mounriver/mounriver_studio/toolchain/risc-v embedded gcc/bin/../lib/gcc/riscv-none-embed/8.2.0/../../../../riscv-none-embed/lib/rv32imac/ilp32\libg_nano.a(lib_a-fflush.o)
                0x000000000000648c                __sflush_r
 .text._fflush_r
                0x00000000000065c8       0x64 c:/mounriver/mounriver_studio/toolchain/risc-v embedded gcc/bin/../lib/gcc/riscv-none-embed/8.2.0/../../../../riscv-none-embed/lib/rv32imac/ilp32\libg_nano.a(lib_a-fflush.o)
                0x00000000000065c8                _fflush_r
 .text.std      0x000000000000662c       0x6a c:/mounriver/mounriver_studio/toolchain/risc-v embedded gcc/bin/../lib/gcc/riscv-none-embed/8.2.0/../../../../riscv-none-embed/lib/rv32imac/ilp32\libg_nano.a(lib_a-findfp.o)
 .text._cleanup_r
                0x0000000000006696        0xa c:/mounriver/mounriver_studio/toolchain/risc-v embedded gcc/bin/../lib/gcc/riscv-none-embed/8.2.0/../../../../riscv-none-embed/lib/rv32imac/ilp32\libg_nano.a(lib_a-findfp.o)
                0x0000000000006696                _cleanup_r
 .text.__sfmoreglue
                0x00000000000066a0       0x46 c:/mounriver/mounriver_studio/toolchain/risc-v embedded gcc/bin/../lib/gcc/riscv-none-embed/8.2.0/../../../../riscv-none-embed/lib/rv32imac/ilp32\libg_nano.a(lib_a-findfp.o)
                0x00000000000066a0                __sfmoreglue
 .text.__sinit  0x00000000000066e6       0x66 c:/mounriver/mounriver_studio/toolchain/risc-v embedded gcc/bin/../lib/gcc/riscv-none-embed/8.2.0/../../../../riscv-none-embed/lib/rv32imac/ilp32\libg_nano.a(lib_a-findfp.o)
                0x00000000000066e6                __sinit
 .text.__sfp    0x000000000000674c       0x9c c:/mounriver/mounriver_studio/toolchain/risc-v embedded gcc/bin/../lib/gcc/riscv-none-embed/8.2.0/../../../../riscv-none-embed/lib/rv32imac/ilp32\libg_nano.a(lib_a-findfp.o)
                0x000000000000674c                __sfp
 .text._fwalk_reent
                0x00000000000067e8       0x6c c:/mounriver/mounriver_studio/toolchain/risc-v embedded gcc/bin/../lib/gcc/riscv-none-embed/8.2.0/../../../../riscv-none-embed/lib/rv32imac/ilp32\libg_nano.a(lib_a-fwalk.o)
                0x00000000000067e8                _fwalk_reent
 .text.__swhatbuf_r
                0x0000000000006854       0x5a c:/mounriver/mounriver_studio/toolchain/risc-v embedded gcc/bin/../lib/gcc/riscv-none-embed/8.2.0/../../../../riscv-none-embed/lib/rv32imac/ilp32\libg_nano.a(lib_a-makebuf.o)
                0x0000000000006854                __swhatbuf_r
 .text.__smakebuf_r
                0x00000000000068ae       0x9e c:/mounriver/mounriver_studio/toolchain/risc-v embedded gcc/bin/../lib/gcc/riscv-none-embed/8.2.0/../../../../riscv-none-embed/lib/rv32imac/ilp32\libg_nano.a(lib_a-makebuf.o)
                0x00000000000068ae                __smakebuf_r
 .text._free_r  0x000000000000694c       0xa8 c:/mounriver/mounriver_studio/toolchain/risc-v embedded gcc/bin/../lib/gcc/riscv-none-embed/8.2.0/../../../../riscv-none-embed/lib/rv32imac/ilp32\libg_nano.a(lib_a-nano-freer.o)
                0x000000000000694c                _free_r
 .text._malloc_r
                0x00000000000069f4       0xd4 c:/mounriver/mounriver_studio/toolchain/risc-v embedded gcc/bin/../lib/gcc/riscv-none-embed/8.2.0/../../../../riscv-none-embed/lib/rv32imac/ilp32\libg_nano.a(lib_a-nano-mallocr.o)
                0x00000000000069f4                _malloc_r
 .text.__sfputc_r
                0x0000000000006ac8       0x2a c:/mounriver/mounriver_studio/toolchain/risc-v embedded gcc/bin/../lib/gcc/riscv-none-embed/8.2.0/../../../../riscv-none-embed/lib/rv32imac/ilp32\libg_nano.a(lib_a-nano-vfprintf.o)
 .text.__sfputs_r
                0x0000000000006af2       0x42 c:/mounriver/mounriver_studio/toolchain/risc-v embedded gcc/bin/../lib/gcc/riscv-none-embed/8.2.0/../../../../riscv-none-embed/lib/rv32imac/ilp32\libg_nano.a(lib_a-nano-vfprintf.o)
                0x0000000000006af2                __sfputs_r
 .text._vfprintf_r
                0x0000000000006b34      0x298 c:/mounriver/mounriver_studio/toolchain/risc-v embedded gcc/bin/../lib/gcc/riscv-none-embed/8.2.0/../../../../riscv-none-embed/lib/rv32imac/ilp32\libg_nano.a(lib_a-nano-vfprintf.o)
                0x0000000000006b34                _vfprintf_r
                0x0000000000006b34                _vfiprintf_r
 .text._printf_common
                0x0000000000006dcc      0x10c c:/mounriver/mounriver_studio/toolchain/risc-v embedded gcc/bin/../lib/gcc/riscv-none-embed/8.2.0/../../../../riscv-none-embed/lib/rv32imac/ilp32\libg_nano.a(lib_a-nano-vfprintf_i.o)
                0x0000000000006dcc                _printf_common
 .text._printf_i
                0x0000000000006ed8      0x2a8 c:/mounriver/mounriver_studio/toolchain/risc-v embedded gcc/bin/../lib/gcc/riscv-none-embed/8.2.0/../../../../riscv-none-embed/lib/rv32imac/ilp32\libg_nano.a(lib_a-nano-vfprintf_i.o)
                0x0000000000006ed8                _printf_i
 .text._sbrk_r  0x0000000000007180       0x2a c:/mounriver/mounriver_studio/toolchain/risc-v embedded gcc/bin/../lib/gcc/riscv-none-embed/8.2.0/../../../../riscv-none-embed/lib/rv32imac/ilp32\libg_nano.a(lib_a-sbrkr.o)
                0x0000000000007180                _sbrk_r
 .text.__sread  0x00000000000071aa       0x30 c:/mounriver/mounriver_studio/toolchain/risc-v embedded gcc/bin/../lib/gcc/riscv-none-embed/8.2.0/../../../../riscv-none-embed/lib/rv32imac/ilp32\libg_nano.a(lib_a-stdio.o)
                0x00000000000071aa                __sread
 .text.__swrite
                0x00000000000071da       0x4e c:/mounriver/mounriver_studio/toolchain/risc-v embedded gcc/bin/../lib/gcc/riscv-none-embed/8.2.0/../../../../riscv-none-embed/lib/rv32imac/ilp32\libg_nano.a(lib_a-stdio.o)
                0x00000000000071da                __swrite
 .text.__sseek  0x0000000000007228       0x36 c:/mounriver/mounriver_studio/toolchain/risc-v embedded gcc/bin/../lib/gcc/riscv-none-embed/8.2.0/../../../../riscv-none-embed/lib/rv32imac/ilp32\libg_nano.a(lib_a-stdio.o)
                0x0000000000007228                __sseek
 .text.__sclose
                0x000000000000725e        0x6 c:/mounriver/mounriver_studio/toolchain/risc-v embedded gcc/bin/../lib/gcc/riscv-none-embed/8.2.0/../../../../riscv-none-embed/lib/rv32imac/ilp32\libg_nano.a(lib_a-stdio.o)
                0x000000000000725e                __sclose
 .text._write_r
                0x0000000000007264       0x2e c:/mounriver/mounriver_studio/toolchain/risc-v embedded gcc/bin/../lib/gcc/riscv-none-embed/8.2.0/../../../../riscv-none-embed/lib/rv32imac/ilp32\libg_nano.a(lib_a-writer.o)
                0x0000000000007264                _write_r
 .text._close_r
                0x0000000000007292       0x28 c:/mounriver/mounriver_studio/toolchain/risc-v embedded gcc/bin/../lib/gcc/riscv-none-embed/8.2.0/../../../../riscv-none-embed/lib/rv32imac/ilp32\libg_nano.a(lib_a-closer.o)
                0x0000000000007292                _close_r
 .text._fstat_r
                0x00000000000072ba       0x2a c:/mounriver/mounriver_studio/toolchain/risc-v embedded gcc/bin/../lib/gcc/riscv-none-embed/8.2.0/../../../../riscv-none-embed/lib/rv32imac/ilp32\libg_nano.a(lib_a-fstatr.o)
                0x00000000000072ba                _fstat_r
 .text._isatty_r
                0x00000000000072e4       0x28 c:/mounriver/mounriver_studio/toolchain/risc-v embedded gcc/bin/../lib/gcc/riscv-none-embed/8.2.0/../../../../riscv-none-embed/lib/rv32imac/ilp32\libg_nano.a(lib_a-isattyr.o)
                0x00000000000072e4                _isatty_r
 .text._lseek_r
                0x000000000000730c       0x2c c:/mounriver/mounriver_studio/toolchain/risc-v embedded gcc/bin/../lib/gcc/riscv-none-embed/8.2.0/../../../../riscv-none-embed/lib/rv32imac/ilp32\libg_nano.a(lib_a-lseekr.o)
                0x000000000000730c                _lseek_r
 .text.memchr   0x0000000000007338       0x1a c:/mounriver/mounriver_studio/toolchain/risc-v embedded gcc/bin/../lib/gcc/riscv-none-embed/8.2.0/../../../../riscv-none-embed/lib/rv32imac/ilp32\libg_nano.a(lib_a-memchr.o)
                0x0000000000007338                memchr
 .text.__malloc_lock
                0x0000000000007352        0x2 c:/mounriver/mounriver_studio/toolchain/risc-v embedded gcc/bin/../lib/gcc/riscv-none-embed/8.2.0/../../../../riscv-none-embed/lib/rv32imac/ilp32\libg_nano.a(lib_a-mlock.o)
                0x0000000000007352                __malloc_lock
 .text.__malloc_unlock
                0x0000000000007354        0x2 c:/mounriver/mounriver_studio/toolchain/risc-v embedded gcc/bin/../lib/gcc/riscv-none-embed/8.2.0/../../../../riscv-none-embed/lib/rv32imac/ilp32\libg_nano.a(lib_a-mlock.o)
                0x0000000000007354                __malloc_unlock
 .text._read_r  0x0000000000007356       0x2c c:/mounriver/mounriver_studio/toolchain/risc-v embedded gcc/bin/../lib/gcc/riscv-none-embed/8.2.0/../../../../riscv-none-embed/lib/rv32imac/ilp32\libg_nano.a(lib_a-readr.o)
                0x0000000000007356                _read_r
 .text._close   0x0000000000007382        0xc c:/mounriver/mounriver_studio/toolchain/risc-v embedded gcc/bin/../lib/gcc/riscv-none-embed/8.2.0/../../../../riscv-none-embed/lib/rv32imac/ilp32\libnosys.a(close.o)
                0x0000000000007382                _close
 .text._fstat   0x000000000000738e        0xc c:/mounriver/mounriver_studio/toolchain/risc-v embedded gcc/bin/../lib/gcc/riscv-none-embed/8.2.0/../../../../riscv-none-embed/lib/rv32imac/ilp32\libnosys.a(fstat.o)
                0x000000000000738e                _fstat
 .text._isatty  0x000000000000739a        0xc c:/mounriver/mounriver_studio/toolchain/risc-v embedded gcc/bin/../lib/gcc/riscv-none-embed/8.2.0/../../../../riscv-none-embed/lib/rv32imac/ilp32\libnosys.a(isatty.o)
                0x000000000000739a                _isatty
 .text._lseek   0x00000000000073a6        0xc c:/mounriver/mounriver_studio/toolchain/risc-v embedded gcc/bin/../lib/gcc/riscv-none-embed/8.2.0/../../../../riscv-none-embed/lib/rv32imac/ilp32\libnosys.a(lseek.o)
                0x00000000000073a6                _lseek
 .text._read    0x00000000000073b2        0xc c:/mounriver/mounriver_studio/toolchain/risc-v embedded gcc/bin/../lib/gcc/riscv-none-embed/8.2.0/../../../../riscv-none-embed/lib/rv32imac/ilp32\libnosys.a(read.o)
                0x00000000000073b2                _read
 *(.rodata)
 *(.rodata*)
 *fill*         0x00000000000073be        0x2 
 .rodata.main.str1.4
                0x00000000000073c0       0x47 ./User/main.o
 *fill*         0x0000000000007407        0x1 
 .rodata.__sf_fake_stderr
                0x0000000000007408       0x20 c:/mounriver/mounriver_studio/toolchain/risc-v embedded gcc/bin/../lib/gcc/riscv-none-embed/8.2.0/../../../../riscv-none-embed/lib/rv32imac/ilp32\libg_nano.a(lib_a-findfp.o)
                0x0000000000007408                __sf_fake_stderr
 .rodata.__sf_fake_stdin
                0x0000000000007428       0x20 c:/mounriver/mounriver_studio/toolchain/risc-v embedded gcc/bin/../lib/gcc/riscv-none-embed/8.2.0/../../../../riscv-none-embed/lib/rv32imac/ilp32\libg_nano.a(lib_a-findfp.o)
                0x0000000000007428                __sf_fake_stdin
 .rodata.__sf_fake_stdout
                0x0000000000007448       0x20 c:/mounriver/mounriver_studio/toolchain/risc-v embedded gcc/bin/../lib/gcc/riscv-none-embed/8.2.0/../../../../riscv-none-embed/lib/rv32imac/ilp32\libg_nano.a(lib_a-findfp.o)
                0x0000000000007448                __sf_fake_stdout
 .rodata._vfprintf_r.str1.4
                0x0000000000007468       0x13 c:/mounriver/mounriver_studio/toolchain/risc-v embedded gcc/bin/../lib/gcc/riscv-none-embed/8.2.0/../../../../riscv-none-embed/lib/rv32imac/ilp32\libg_nano.a(lib_a-nano-vfprintf.o)
 *fill*         0x000000000000747b        0x1 
 .rodata._printf_i.str1.4
                0x000000000000747c       0x28 c:/mounriver/mounriver_studio/toolchain/risc-v embedded gcc/bin/../lib/gcc/riscv-none-embed/8.2.0/../../../../riscv-none-embed/lib/rv32imac/ilp32\libg_nano.a(lib_a-nano-vfprintf_i.o)
                                         0x25 (size before relaxing)
 *(.gnu.linkonce.t.*)
                0x00000000000074a4                . = ALIGN (0x4)

.rela.dyn       0x00000000000074a4        0x0
 .rela.text.startup.main
                0x00000000000074a4        0x0 ./User/ch32v30x_it.o
 .rela.init     0x00000000000074a4        0x0 ./User/ch32v30x_it.o
 .rela.vector   0x00000000000074a4        0x0 ./User/ch32v30x_it.o
 .rela.text.handle_reset
                0x00000000000074a4        0x0 ./User/ch32v30x_it.o
 .rela.text._sbrk
                0x00000000000074a4        0x0 ./User/ch32v30x_it.o
 .rela.sdata.curbrk.5218
                0x00000000000074a4        0x0 ./User/ch32v30x_it.o
 .rela.text._vfprintf_r
                0x00000000000074a4        0x0 ./User/ch32v30x_it.o
 .rela.text._sbrk_r
                0x00000000000074a4        0x0 ./User/ch32v30x_it.o
 .rela.text._write_r
                0x00000000000074a4        0x0 ./User/ch32v30x_it.o
 .rela.text._close_r
                0x00000000000074a4        0x0 ./User/ch32v30x_it.o
 .rela.text._fstat_r
                0x00000000000074a4        0x0 ./User/ch32v30x_it.o
 .rela.text._isatty_r
                0x00000000000074a4        0x0 ./User/ch32v30x_it.o
 .rela.text._lseek_r
                0x00000000000074a4        0x0 ./User/ch32v30x_it.o
 .rela.text._read_r
                0x00000000000074a4        0x0 ./User/ch32v30x_it.o
 .rela.text._close
                0x00000000000074a4        0x0 ./User/ch32v30x_it.o
 .rela.text._fstat
                0x00000000000074a4        0x0 ./User/ch32v30x_it.o
 .rela.text._isatty
                0x00000000000074a4        0x0 ./User/ch32v30x_it.o
 .rela.text._lseek
                0x00000000000074a4        0x0 ./User/ch32v30x_it.o
 .rela.text._read
                0x00000000000074a4        0x0 ./User/ch32v30x_it.o

.fini           0x00000000000074a4        0x0
 *(SORT_NONE(.fini))
                0x00000000000074a4                . = ALIGN (0x4)
                [!provide]                        PROVIDE (_etext = .)
                [!provide]                        PROVIDE (_eitcm = .)

.preinit_array  0x00000000000074a4        0x0
                [!provide]                        PROVIDE (__preinit_array_start = .)
 *(.preinit_array)
                [!provide]                        PROVIDE (__preinit_array_end = .)

.init_array     0x00000000000074a4        0x0
                [!provide]                        PROVIDE (__init_array_start = .)
 *(SORT_BY_INIT_PRIORITY(.init_array.*) SORT_BY_INIT_PRIORITY(.ctors.*))
 *(.init_array EXCLUDE_FILE(*crtend?.o *crtend.o *crtbegin?.o *crtbegin.o) .ctors)
                [!provide]                        PROVIDE (__init_array_end = .)

.fini_array     0x00000000000074a4        0x0
                [!provide]                        PROVIDE (__fini_array_start = .)
 *(SORT_BY_INIT_PRIORITY(.fini_array.*) SORT_BY_INIT_PRIORITY(.dtors.*))
 *(.fini_array EXCLUDE_FILE(*crtend?.o *crtend.o *crtbegin?.o *crtbegin.o) .dtors)
                [!provide]                        PROVIDE (__fini_array_end = .)

.ctors
 *crtbegin.o(.ctors)
 *crtbegin?.o(.ctors)
 *(EXCLUDE_FILE(*crtend?.o *crtend.o) .ctors)
 *(SORT_BY_NAME(.ctors.*))
 *(.ctors)

.dtors
 *crtbegin.o(.dtors)
 *crtbegin?.o(.dtors)
 *(EXCLUDE_FILE(*crtend?.o *crtend.o) .dtors)
 *(SORT_BY_NAME(.dtors.*))
 *(.dtors)

.dalign         0x0000000020000000        0x0 load address 0x00000000000074a4
                0x0000000020000000                . = ALIGN (0x4)
                0x0000000020000000                PROVIDE (_data_vma = .)

.dlalign        0x00000000000074a4        0x0
                0x00000000000074a4                . = ALIGN (0x4)
                0x00000000000074a4                PROVIDE (_data_lma = .)

.data           0x0000000020000000       0x98 load address 0x00000000000074a4
 *(.gnu.linkonce.r.*)
 *(.data .data.*)
 .data.AHBPrescTable
                0x0000000020000000       0x10 ./User/system_ch32v30x.o
                0x0000000020000000                AHBPrescTable
 .data.APBAHBPrescTable
                0x0000000020000010       0x10 ./Peripheral/src/ch32v30x_rcc.o
 .data.impure_data
                0x0000000020000020       0x60 c:/mounriver/mounriver_studio/toolchain/risc-v embedded gcc/bin/../lib/gcc/riscv-none-embed/8.2.0/../../../../riscv-none-embed/lib/rv32imac/ilp32\libg_nano.a(lib_a-impure.o)
 *(.gnu.linkonce.d.*)
                0x0000000020000080                . = ALIGN (0x8)
                0x0000000020000880                PROVIDE (__global_pointer$ = (. + 0x800))
 *(.sdata .sdata.*)
 .sdata.SystemCoreClock
                0x0000000020000080        0x4 ./User/system_ch32v30x.o
                0x0000000020000080                SystemCoreClock
 .sdata.ADCPrescTable
                0x0000000020000084        0x4 ./Peripheral/src/ch32v30x_rcc.o
 .sdata.curbrk.5218
                0x0000000020000088        0x4 ./Debug/debug.o
 .sdata._impure_ptr
                0x000000002000008c        0x4 c:/mounriver/mounriver_studio/toolchain/risc-v embedded gcc/bin/../lib/gcc/riscv-none-embed/8.2.0/../../../../riscv-none-embed/lib/rv32imac/ilp32\libg_nano.a(lib_a-impure.o)
                0x000000002000008c                _impure_ptr
 *(.sdata2.*)
 .sdata2._global_impure_ptr
                0x0000000020000090        0x4 c:/mounriver/mounriver_studio/toolchain/risc-v embedded gcc/bin/../lib/gcc/riscv-none-embed/8.2.0/../../../../riscv-none-embed/lib/rv32imac/ilp32\libg_nano.a(lib_a-impure.o)
                0x0000000020000090                _global_impure_ptr
 *(.gnu.linkonce.s.*)
                0x0000000020000098                . = ALIGN (0x8)
 *fill*         0x0000000020000094        0x4 
 *(.srodata.cst16)
 *(.srodata.cst8)
 *(.srodata.cst4)
 *(.srodata.cst2)
 *(.srodata .srodata.*)
                0x0000000020000098                . = ALIGN (0x4)
                0x0000000020000098                PROVIDE (_edata = .)

.bss            0x0000000020000098      0x814 load address 0x000000000000753c
                0x0000000020000098                . = ALIGN (0x4)
                0x0000000020000098                PROVIDE (_sbss = .)
 *(.sbss*)
 .sbss.Calibrattion_Val
                0x0000000020000098        0x2 ./User/main.o
                0x0000000020000098                Calibrattion_Val
 .sbss.p_ms     0x000000002000009a        0x2 ./Debug/debug.o
 .sbss.p_us     0x000000002000009c        0x1 ./Debug/debug.o
 *fill*         0x000000002000009d        0x3 
 .sbss.__malloc_free_list
                0x00000000200000a0        0x4 c:/mounriver/mounriver_studio/toolchain/risc-v embedded gcc/bin/../lib/gcc/riscv-none-embed/8.2.0/../../../../riscv-none-embed/lib/rv32imac/ilp32\libg_nano.a(lib_a-nano-mallocr.o)
                0x00000000200000a0                __malloc_free_list
 .sbss.__malloc_sbrk_start
                0x00000000200000a4        0x4 c:/mounriver/mounriver_studio/toolchain/risc-v embedded gcc/bin/../lib/gcc/riscv-none-embed/8.2.0/../../../../riscv-none-embed/lib/rv32imac/ilp32\libg_nano.a(lib_a-nano-mallocr.o)
                0x00000000200000a4                __malloc_sbrk_start
 *(.gnu.linkonce.sb.*)
 *(.bss*)
 *(.gnu.linkonce.b.*)
 *(COMMON*)
 COMMON         0x00000000200000a8      0x800 ./User/main.o
                0x00000000200000a8                TxBuf
 COMMON         0x00000000200008a8        0x4 c:/mounriver/mounriver_studio/toolchain/risc-v embedded gcc/bin/../lib/gcc/riscv-none-embed/8.2.0/../../../../riscv-none-embed/lib/rv32imac/ilp32\libg_nano.a(lib_a-reent.o)
                0x00000000200008a8                errno
                0x00000000200008ac                . = ALIGN (0x4)
                0x00000000200008ac                PROVIDE (_ebss = .)
                0x00000000200008ac                PROVIDE (_end = _ebss)
                [!provide]                        PROVIDE (end = .)

.stack          0x0000000020007800      0x800
                0x0000000020007800                PROVIDE (_heap_end = .)
                0x0000000020007800                . = ALIGN (0x4)
                [!provide]                        PROVIDE (_susrstack = .)
                0x0000000020008000                . = (. + __stack_size)
 *fill*         0x0000000020007800      0x800 
                0x0000000020008000                PROVIDE (_eusrstack = .)
OUTPUT(CHV307_APP.elf elf32-littleriscv)

.debug_info     0x0000000000000000     0xa0ca
 .debug_info    0x0000000000000000      0x962 ./User/ch32v30x_it.o
 .debug_info    0x0000000000000962     0x1413 ./User/main.o
 .debug_info    0x0000000000001d75      0xb63 ./User/system_ch32v30x.o
 .debug_info    0x00000000000028d8       0x22 ./Startup/startup_ch32v30x_D8C.o
 .debug_info    0x00000000000028fa     0x16e9 ./Peripheral/src/ch32v30x_adc.o
 .debug_info    0x0000000000003fe3      0xa94 ./Peripheral/src/ch32v30x_dbgmcu.o
 .debug_info    0x0000000000004a77      0xd16 ./Peripheral/src/ch32v30x_dma.o
 .debug_info    0x000000000000578d     0x1093 ./Peripheral/src/ch32v30x_gpio.o
 .debug_info    0x0000000000006820     0x156e ./Peripheral/src/ch32v30x_rcc.o
 .debug_info    0x0000000000007d8e     0x1420 ./Peripheral/src/ch32v30x_usart.o
 .debug_info    0x00000000000091ae      0xf1c ./Debug/debug.o

.debug_abbrev   0x0000000000000000     0x1ddf
 .debug_abbrev  0x0000000000000000      0x1cf ./User/ch32v30x_it.o
 .debug_abbrev  0x00000000000001cf      0x315 ./User/main.o
 .debug_abbrev  0x00000000000004e4      0x2c0 ./User/system_ch32v30x.o
 .debug_abbrev  0x00000000000007a4       0x12 ./Startup/startup_ch32v30x_D8C.o
 .debug_abbrev  0x00000000000007b6      0x3ac ./Peripheral/src/ch32v30x_adc.o
 .debug_abbrev  0x0000000000000b62      0x2f7 ./Peripheral/src/ch32v30x_dbgmcu.o
 .debug_abbrev  0x0000000000000e59      0x2fd ./Peripheral/src/ch32v30x_dma.o
 .debug_abbrev  0x0000000000001156      0x31a ./Peripheral/src/ch32v30x_gpio.o
 .debug_abbrev  0x0000000000001470      0x351 ./Peripheral/src/ch32v30x_rcc.o
 .debug_abbrev  0x00000000000017c1      0x325 ./Peripheral/src/ch32v30x_usart.o
 .debug_abbrev  0x0000000000001ae6      0x2f9 ./Debug/debug.o

.debug_aranges  0x0000000000000000      0x650
 .debug_aranges
                0x0000000000000000       0x28 ./User/ch32v30x_it.o
 .debug_aranges
                0x0000000000000028       0x40 ./User/main.o
 .debug_aranges
                0x0000000000000068       0x28 ./User/system_ch32v30x.o
 .debug_aranges
                0x0000000000000090       0x30 ./Startup/startup_ch32v30x_D8C.o
 .debug_aranges
                0x00000000000000c0      0x150 ./Peripheral/src/ch32v30x_adc.o
 .debug_aranges
                0x0000000000000210       0x48 ./Peripheral/src/ch32v30x_dbgmcu.o
 .debug_aranges
                0x0000000000000258       0x60 ./Peripheral/src/ch32v30x_dma.o
 .debug_aranges
                0x00000000000002b8       0xa8 ./Peripheral/src/ch32v30x_gpio.o
 .debug_aranges
                0x0000000000000360      0x1a8 ./Peripheral/src/ch32v30x_rcc.o
 .debug_aranges
                0x0000000000000508      0x100 ./Peripheral/src/ch32v30x_usart.o
 .debug_aranges
                0x0000000000000608       0x48 ./Debug/debug.o

.debug_ranges   0x0000000000000000      0x5e0
 .debug_ranges  0x0000000000000000       0x18 ./User/ch32v30x_it.o
 .debug_ranges  0x0000000000000018       0x30 ./User/main.o
 .debug_ranges  0x0000000000000048       0x38 ./User/system_ch32v30x.o
 .debug_ranges  0x0000000000000080       0x28 ./Startup/startup_ch32v30x_D8C.o
 .debug_ranges  0x00000000000000a8      0x140 ./Peripheral/src/ch32v30x_adc.o
 .debug_ranges  0x00000000000001e8       0x50 ./Peripheral/src/ch32v30x_dbgmcu.o
 .debug_ranges  0x0000000000000238       0x50 ./Peripheral/src/ch32v30x_dma.o
 .debug_ranges  0x0000000000000288       0x98 ./Peripheral/src/ch32v30x_gpio.o
 .debug_ranges  0x0000000000000320      0x198 ./Peripheral/src/ch32v30x_rcc.o
 .debug_ranges  0x00000000000004b8       0xf0 ./Peripheral/src/ch32v30x_usart.o
 .debug_ranges  0x00000000000005a8       0x38 ./Debug/debug.o

.debug_line     0x0000000000000000     0x7948
 .debug_line    0x0000000000000000      0x229 ./User/ch32v30x_it.o
 .debug_line    0x0000000000000229      0x87d ./User/main.o
 .debug_line    0x0000000000000aa6      0x6fd ./User/system_ch32v30x.o
 .debug_line    0x00000000000011a3      0x371 ./Startup/startup_ch32v30x_D8C.o
 .debug_line    0x0000000000001514     0x1893 ./Peripheral/src/ch32v30x_adc.o
 .debug_line    0x0000000000002da7      0x380 ./Peripheral/src/ch32v30x_dbgmcu.o
 .debug_line    0x0000000000003127      0x9bc ./Peripheral/src/ch32v30x_dma.o
 .debug_line    0x0000000000003ae3      0xd9c ./Peripheral/src/ch32v30x_gpio.o
 .debug_line    0x000000000000487f     0x1974 ./Peripheral/src/ch32v30x_rcc.o
 .debug_line    0x00000000000061f3     0x1059 ./Peripheral/src/ch32v30x_usart.o
 .debug_line    0x000000000000724c      0x6fc ./Debug/debug.o

.debug_str      0x0000000000000000     0x1f49
 .debug_str     0x0000000000000000      0x544 ./User/ch32v30x_it.o
                                        0x5a5 (size before relaxing)
 .debug_str     0x0000000000000544      0x60c ./User/main.o
                                        0xba2 (size before relaxing)
 .debug_str     0x0000000000000b50       0xd9 ./User/system_ch32v30x.o
                                        0x69f (size before relaxing)
 .debug_str     0x0000000000000c29       0x49 ./Startup/startup_ch32v30x_D8C.o
                                         0x7f (size before relaxing)
 .debug_str     0x0000000000000c72      0x3f1 ./Peripheral/src/ch32v30x_adc.o
                                        0xc21 (size before relaxing)
 .debug_str     0x0000000000001063       0x99 ./Peripheral/src/ch32v30x_dbgmcu.o
                                        0x650 (size before relaxing)
 .debug_str     0x00000000000010fc      0x126 ./Peripheral/src/ch32v30x_dma.o
                                        0x7fd (size before relaxing)
 .debug_str     0x0000000000001222      0x256 ./Peripheral/src/ch32v30x_gpio.o
                                        0x97b (size before relaxing)
 .debug_str     0x0000000000001478      0x5d7 ./Peripheral/src/ch32v30x_rcc.o
                                        0xcd4 (size before relaxing)
 .debug_str     0x0000000000001a4f      0x460 ./Peripheral/src/ch32v30x_usart.o
                                        0xb21 (size before relaxing)
 .debug_str     0x0000000000001eaf       0x9a ./Debug/debug.o
                                        0x909 (size before relaxing)

.comment        0x0000000000000000       0x33
 .comment       0x0000000000000000       0x33 ./User/ch32v30x_it.o
                                         0x34 (size before relaxing)
 .comment       0x0000000000000033       0x34 ./User/main.o
 .comment       0x0000000000000033       0x34 ./User/system_ch32v30x.o
 .comment       0x0000000000000033       0x34 ./Peripheral/src/ch32v30x_adc.o
 .comment       0x0000000000000033       0x34 ./Peripheral/src/ch32v30x_dbgmcu.o
 .comment       0x0000000000000033       0x34 ./Peripheral/src/ch32v30x_dma.o
 .comment       0x0000000000000033       0x34 ./Peripheral/src/ch32v30x_gpio.o
 .comment       0x0000000000000033       0x34 ./Peripheral/src/ch32v30x_rcc.o
 .comment       0x0000000000000033       0x34 ./Peripheral/src/ch32v30x_usart.o
 .comment       0x0000000000000033       0x34 ./Debug/debug.o

.debug_frame    0x0000000000000000     0x1564
 .debug_frame   0x0000000000000000       0x30 ./User/ch32v30x_it.o
 .debug_frame   0x0000000000000030       0xb4 ./User/main.o
 .debug_frame   0x00000000000000e4       0x3c ./User/system_ch32v30x.o
 .debug_frame   0x0000000000000120      0x2bc ./Peripheral/src/ch32v30x_adc.o
 .debug_frame   0x00000000000003dc       0x70 ./Peripheral/src/ch32v30x_dbgmcu.o
 .debug_frame   0x000000000000044c       0xc0 ./Peripheral/src/ch32v30x_dma.o
 .debug_frame   0x000000000000050c      0x150 ./Peripheral/src/ch32v30x_gpio.o
 .debug_frame   0x000000000000065c      0x340 ./Peripheral/src/ch32v30x_rcc.o
 .debug_frame   0x000000000000099c      0x210 ./Peripheral/src/ch32v30x_usart.o
 .debug_frame   0x0000000000000bac       0xa4 ./Debug/debug.o
 .debug_frame   0x0000000000000c50       0x54 c:/mounriver/mounriver_studio/toolchain/risc-v embedded gcc/bin/../lib/gcc/riscv-none-embed/8.2.0/../../../../riscv-none-embed/lib/rv32imac/ilp32\libg_nano.a(lib_a-printf.o)
 .debug_frame   0x0000000000000ca4       0x54 c:/mounriver/mounriver_studio/toolchain/risc-v embedded gcc/bin/../lib/gcc/riscv-none-embed/8.2.0/../../../../riscv-none-embed/lib/rv32imac/ilp32\libg_nano.a(lib_a-puts.o)
 .debug_frame   0x0000000000000cf8       0x50 c:/mounriver/mounriver_studio/toolchain/risc-v embedded gcc/bin/../lib/gcc/riscv-none-embed/8.2.0/../../../../riscv-none-embed/lib/rv32imac/ilp32\libg_nano.a(lib_a-wbuf.o)
 .debug_frame   0x0000000000000d48       0x3c c:/mounriver/mounriver_studio/toolchain/risc-v embedded gcc/bin/../lib/gcc/riscv-none-embed/8.2.0/../../../../riscv-none-embed/lib/rv32imac/ilp32\libg_nano.a(lib_a-wsetup.o)
 .debug_frame   0x0000000000000d84       0x7c c:/mounriver/mounriver_studio/toolchain/risc-v embedded gcc/bin/../lib/gcc/riscv-none-embed/8.2.0/../../../../riscv-none-embed/lib/rv32imac/ilp32\libg_nano.a(lib_a-fflush.o)
 .debug_frame   0x0000000000000e00      0x148 c:/mounriver/mounriver_studio/toolchain/risc-v embedded gcc/bin/../lib/gcc/riscv-none-embed/8.2.0/../../../../riscv-none-embed/lib/rv32imac/ilp32\libg_nano.a(lib_a-findfp.o)
 .debug_frame   0x0000000000000f48       0x88 c:/mounriver/mounriver_studio/toolchain/risc-v embedded gcc/bin/../lib/gcc/riscv-none-embed/8.2.0/../../../../riscv-none-embed/lib/rv32imac/ilp32\libg_nano.a(lib_a-fwalk.o)
 .debug_frame   0x0000000000000fd0       0x64 c:/mounriver/mounriver_studio/toolchain/risc-v embedded gcc/bin/../lib/gcc/riscv-none-embed/8.2.0/../../../../riscv-none-embed/lib/rv32imac/ilp32\libg_nano.a(lib_a-makebuf.o)
 .debug_frame   0x0000000000001034       0x40 c:/mounriver/mounriver_studio/toolchain/risc-v embedded gcc/bin/../lib/gcc/riscv-none-embed/8.2.0/../../../../riscv-none-embed/lib/rv32imac/ilp32\libg_nano.a(lib_a-nano-freer.o)
 .debug_frame   0x0000000000001074       0x40 c:/mounriver/mounriver_studio/toolchain/risc-v embedded gcc/bin/../lib/gcc/riscv-none-embed/8.2.0/../../../../riscv-none-embed/lib/rv32imac/ilp32\libg_nano.a(lib_a-nano-mallocr.o)
 .debug_frame   0x00000000000010b4       0xd0 c:/mounriver/mounriver_studio/toolchain/risc-v embedded gcc/bin/../lib/gcc/riscv-none-embed/8.2.0/../../../../riscv-none-embed/lib/rv32imac/ilp32\libg_nano.a(lib_a-nano-vfprintf.o)
 .debug_frame   0x0000000000001184       0x8c c:/mounriver/mounriver_studio/toolchain/risc-v embedded gcc/bin/../lib/gcc/riscv-none-embed/8.2.0/../../../../riscv-none-embed/lib/rv32imac/ilp32\libg_nano.a(lib_a-nano-vfprintf_i.o)
 .debug_frame   0x0000000000001210       0x30 c:/mounriver/mounriver_studio/toolchain/risc-v embedded gcc/bin/../lib/gcc/riscv-none-embed/8.2.0/../../../../riscv-none-embed/lib/rv32imac/ilp32\libg_nano.a(lib_a-sbrkr.o)
 .debug_frame   0x0000000000001240       0xa4 c:/mounriver/mounriver_studio/toolchain/risc-v embedded gcc/bin/../lib/gcc/riscv-none-embed/8.2.0/../../../../riscv-none-embed/lib/rv32imac/ilp32\libg_nano.a(lib_a-stdio.o)
 .debug_frame   0x00000000000012e4       0x30 c:/mounriver/mounriver_studio/toolchain/risc-v embedded gcc/bin/../lib/gcc/riscv-none-embed/8.2.0/../../../../riscv-none-embed/lib/rv32imac/ilp32\libg_nano.a(lib_a-writer.o)
 .debug_frame   0x0000000000001314       0x30 c:/mounriver/mounriver_studio/toolchain/risc-v embedded gcc/bin/../lib/gcc/riscv-none-embed/8.2.0/../../../../riscv-none-embed/lib/rv32imac/ilp32\libg_nano.a(lib_a-closer.o)
 .debug_frame   0x0000000000001344       0x30 c:/mounriver/mounriver_studio/toolchain/risc-v embedded gcc/bin/../lib/gcc/riscv-none-embed/8.2.0/../../../../riscv-none-embed/lib/rv32imac/ilp32\libg_nano.a(lib_a-fstatr.o)
 .debug_frame   0x0000000000001374       0x30 c:/mounriver/mounriver_studio/toolchain/risc-v embedded gcc/bin/../lib/gcc/riscv-none-embed/8.2.0/../../../../riscv-none-embed/lib/rv32imac/ilp32\libg_nano.a(lib_a-isattyr.o)
 .debug_frame   0x00000000000013a4       0x30 c:/mounriver/mounriver_studio/toolchain/risc-v embedded gcc/bin/../lib/gcc/riscv-none-embed/8.2.0/../../../../riscv-none-embed/lib/rv32imac/ilp32\libg_nano.a(lib_a-lseekr.o)
 .debug_frame   0x00000000000013d4       0x20 c:/mounriver/mounriver_studio/toolchain/risc-v embedded gcc/bin/../lib/gcc/riscv-none-embed/8.2.0/../../../../riscv-none-embed/lib/rv32imac/ilp32\libg_nano.a(lib_a-memchr.o)
 .debug_frame   0x00000000000013f4       0x30 c:/mounriver/mounriver_studio/toolchain/risc-v embedded gcc/bin/../lib/gcc/riscv-none-embed/8.2.0/../../../../riscv-none-embed/lib/rv32imac/ilp32\libg_nano.a(lib_a-mlock.o)
 .debug_frame   0x0000000000001424       0x30 c:/mounriver/mounriver_studio/toolchain/risc-v embedded gcc/bin/../lib/gcc/riscv-none-embed/8.2.0/../../../../riscv-none-embed/lib/rv32imac/ilp32\libg_nano.a(lib_a-readr.o)
 .debug_frame   0x0000000000001454       0x70 c:/mounriver/mounriver_studio/toolchain/risc-v embedded gcc/bin/../lib/gcc/riscv-none-embed/8.2.0/../../../../riscv-none-embed/lib/rv32imac/ilp32\libg_nano.a(lib_a-reent.o)
 .debug_frame   0x00000000000014c4       0x20 c:/mounriver/mounriver_studio/toolchain/risc-v embedded gcc/bin/../lib/gcc/riscv-none-embed/8.2.0/../../../../riscv-none-embed/lib/rv32imac/ilp32\libnosys.a(close.o)
 .debug_frame   0x00000000000014e4       0x20 c:/mounriver/mounriver_studio/toolchain/risc-v embedded gcc/bin/../lib/gcc/riscv-none-embed/8.2.0/../../../../riscv-none-embed/lib/rv32imac/ilp32\libnosys.a(fstat.o)
 .debug_frame   0x0000000000001504       0x20 c:/mounriver/mounriver_studio/toolchain/risc-v embedded gcc/bin/../lib/gcc/riscv-none-embed/8.2.0/../../../../riscv-none-embed/lib/rv32imac/ilp32\libnosys.a(isatty.o)
 .debug_frame   0x0000000000001524       0x20 c:/mounriver/mounriver_studio/toolchain/risc-v embedded gcc/bin/../lib/gcc/riscv-none-embed/8.2.0/../../../../riscv-none-embed/lib/rv32imac/ilp32\libnosys.a(lseek.o)
 .debug_frame   0x0000000000001544       0x20 c:/mounriver/mounriver_studio/toolchain/risc-v embedded gcc/bin/../lib/gcc/riscv-none-embed/8.2.0/../../../../riscv-none-embed/lib/rv32imac/ilp32\libnosys.a(read.o)

.debug_loc      0x0000000000000000     0x29df
 .debug_loc     0x0000000000000000      0x114 ./User/main.o
 .debug_loc     0x0000000000000114       0xe5 ./User/system_ch32v30x.o
 .debug_loc     0x00000000000001f9      0xada ./Peripheral/src/ch32v30x_adc.o
 .debug_loc     0x0000000000000cd3       0x7c ./Peripheral/src/ch32v30x_dbgmcu.o
 .debug_loc     0x0000000000000d4f      0x19a ./Peripheral/src/ch32v30x_dma.o
 .debug_loc     0x0000000000000ee9      0x67b ./Peripheral/src/ch32v30x_gpio.o
 .debug_loc     0x0000000000001564      0xadb ./Peripheral/src/ch32v30x_rcc.o
 .debug_loc     0x000000000000203f      0x7f8 ./Peripheral/src/ch32v30x_usart.o
 .debug_loc     0x0000000000002837      0x1a8 ./Debug/debug.o

.stab           0x0000000000000000       0x84
 .stab          0x0000000000000000       0x24 c:/mounriver/mounriver_studio/toolchain/risc-v embedded gcc/bin/../lib/gcc/riscv-none-embed/8.2.0/../../../../riscv-none-embed/lib/rv32imac/ilp32\libnosys.a(close.o)
 .stab          0x0000000000000024       0x18 c:/mounriver/mounriver_studio/toolchain/risc-v embedded gcc/bin/../lib/gcc/riscv-none-embed/8.2.0/../../../../riscv-none-embed/lib/rv32imac/ilp32\libnosys.a(fstat.o)
                                         0x24 (size before relaxing)
 .stab          0x000000000000003c       0x18 c:/mounriver/mounriver_studio/toolchain/risc-v embedded gcc/bin/../lib/gcc/riscv-none-embed/8.2.0/../../../../riscv-none-embed/lib/rv32imac/ilp32\libnosys.a(isatty.o)
                                         0x24 (size before relaxing)
 .stab          0x0000000000000054       0x18 c:/mounriver/mounriver_studio/toolchain/risc-v embedded gcc/bin/../lib/gcc/riscv-none-embed/8.2.0/../../../../riscv-none-embed/lib/rv32imac/ilp32\libnosys.a(lseek.o)
                                         0x24 (size before relaxing)
 .stab          0x000000000000006c       0x18 c:/mounriver/mounriver_studio/toolchain/risc-v embedded gcc/bin/../lib/gcc/riscv-none-embed/8.2.0/../../../../riscv-none-embed/lib/rv32imac/ilp32\libnosys.a(read.o)
                                         0x24 (size before relaxing)

.stabstr        0x0000000000000000      0x117
 .stabstr       0x0000000000000000      0x117 c:/mounriver/mounriver_studio/toolchain/risc-v embedded gcc/bin/../lib/gcc/riscv-none-embed/8.2.0/../../../../riscv-none-embed/lib/rv32imac/ilp32\libnosys.a(close.o)
