Archive member included to satisfy reference by file (symbol)

c:/mounriver/mounriver_studio/toolchain/risc-v embedded gcc/bin/../lib/gcc/riscv-none-embed/8.2.0/../../../../riscv-none-embed/lib/rv32imac/ilp32\libg_nano.a(lib_a-memcpy.o)
                              ./User/ch32v30x_usbhs_device.o (memcpy)
c:/mounriver/mounriver_studio/toolchain/risc-v embedded gcc/bin/../lib/gcc/riscv-none-embed/8.2.0/../../../../riscv-none-embed/lib/rv32imac/ilp32\libg_nano.a(lib_a-puts.o)
                              ./User/main.o (puts)
c:/mounriver/mounriver_studio/toolchain/risc-v embedded gcc/bin/../lib/gcc/riscv-none-embed/8.2.0/../../../../riscv-none-embed/lib/rv32imac/ilp32\libg_nano.a(lib_a-wbuf.o)
                              c:/mounriver/mounriver_studio/toolchain/risc-v embedded gcc/bin/../lib/gcc/riscv-none-embed/8.2.0/../../../../riscv-none-embed/lib/rv32imac/ilp32\libg_nano.a(lib_a-puts.o) (__swbuf_r)
c:/mounriver/mounriver_studio/toolchain/risc-v embedded gcc/bin/../lib/gcc/riscv-none-embed/8.2.0/../../../../riscv-none-embed/lib/rv32imac/ilp32\libg_nano.a(lib_a-wsetup.o)
                              c:/mounriver/mounriver_studio/toolchain/risc-v embedded gcc/bin/../lib/gcc/riscv-none-embed/8.2.0/../../../../riscv-none-embed/lib/rv32imac/ilp32\libg_nano.a(lib_a-puts.o) (__swsetup_r)
c:/mounriver/mounriver_studio/toolchain/risc-v embedded gcc/bin/../lib/gcc/riscv-none-embed/8.2.0/../../../../riscv-none-embed/lib/rv32imac/ilp32\libg_nano.a(lib_a-fflush.o)
                              c:/mounriver/mounriver_studio/toolchain/risc-v embedded gcc/bin/../lib/gcc/riscv-none-embed/8.2.0/../../../../riscv-none-embed/lib/rv32imac/ilp32\libg_nano.a(lib_a-wbuf.o) (_fflush_r)
c:/mounriver/mounriver_studio/toolchain/risc-v embedded gcc/bin/../lib/gcc/riscv-none-embed/8.2.0/../../../../riscv-none-embed/lib/rv32imac/ilp32\libg_nano.a(lib_a-findfp.o)
                              c:/mounriver/mounriver_studio/toolchain/risc-v embedded gcc/bin/../lib/gcc/riscv-none-embed/8.2.0/../../../../riscv-none-embed/lib/rv32imac/ilp32\libg_nano.a(lib_a-puts.o) (__sinit)
c:/mounriver/mounriver_studio/toolchain/risc-v embedded gcc/bin/../lib/gcc/riscv-none-embed/8.2.0/../../../../riscv-none-embed/lib/rv32imac/ilp32\libg_nano.a(lib_a-fwalk.o)
                              c:/mounriver/mounriver_studio/toolchain/risc-v embedded gcc/bin/../lib/gcc/riscv-none-embed/8.2.0/../../../../riscv-none-embed/lib/rv32imac/ilp32\libg_nano.a(lib_a-findfp.o) (_fwalk)
c:/mounriver/mounriver_studio/toolchain/risc-v embedded gcc/bin/../lib/gcc/riscv-none-embed/8.2.0/../../../../riscv-none-embed/lib/rv32imac/ilp32\libg_nano.a(lib_a-impure.o)
                              c:/mounriver/mounriver_studio/toolchain/risc-v embedded gcc/bin/../lib/gcc/riscv-none-embed/8.2.0/../../../../riscv-none-embed/lib/rv32imac/ilp32\libg_nano.a(lib_a-fflush.o) (_global_impure_ptr)
c:/mounriver/mounriver_studio/toolchain/risc-v embedded gcc/bin/../lib/gcc/riscv-none-embed/8.2.0/../../../../riscv-none-embed/lib/rv32imac/ilp32\libg_nano.a(lib_a-makebuf.o)
                              c:/mounriver/mounriver_studio/toolchain/risc-v embedded gcc/bin/../lib/gcc/riscv-none-embed/8.2.0/../../../../riscv-none-embed/lib/rv32imac/ilp32\libg_nano.a(lib_a-wsetup.o) (__smakebuf_r)
c:/mounriver/mounriver_studio/toolchain/risc-v embedded gcc/bin/../lib/gcc/riscv-none-embed/8.2.0/../../../../riscv-none-embed/lib/rv32imac/ilp32\libg_nano.a(lib_a-memset.o)
                              c:/mounriver/mounriver_studio/toolchain/risc-v embedded gcc/bin/../lib/gcc/riscv-none-embed/8.2.0/../../../../riscv-none-embed/lib/rv32imac/ilp32\libg_nano.a(lib_a-findfp.o) (memset)
c:/mounriver/mounriver_studio/toolchain/risc-v embedded gcc/bin/../lib/gcc/riscv-none-embed/8.2.0/../../../../riscv-none-embed/lib/rv32imac/ilp32\libg_nano.a(lib_a-nano-freer.o)
                              c:/mounriver/mounriver_studio/toolchain/risc-v embedded gcc/bin/../lib/gcc/riscv-none-embed/8.2.0/../../../../riscv-none-embed/lib/rv32imac/ilp32\libg_nano.a(lib_a-wsetup.o) (_free_r)
c:/mounriver/mounriver_studio/toolchain/risc-v embedded gcc/bin/../lib/gcc/riscv-none-embed/8.2.0/../../../../riscv-none-embed/lib/rv32imac/ilp32\libg_nano.a(lib_a-nano-mallocr.o)
                              c:/mounriver/mounriver_studio/toolchain/risc-v embedded gcc/bin/../lib/gcc/riscv-none-embed/8.2.0/../../../../riscv-none-embed/lib/rv32imac/ilp32\libg_nano.a(lib_a-findfp.o) (_malloc_r)
c:/mounriver/mounriver_studio/toolchain/risc-v embedded gcc/bin/../lib/gcc/riscv-none-embed/8.2.0/../../../../riscv-none-embed/lib/rv32imac/ilp32\libg_nano.a(lib_a-sbrkr.o)
                              c:/mounriver/mounriver_studio/toolchain/risc-v embedded gcc/bin/../lib/gcc/riscv-none-embed/8.2.0/../../../../riscv-none-embed/lib/rv32imac/ilp32\libg_nano.a(lib_a-nano-mallocr.o) (_sbrk_r)
c:/mounriver/mounriver_studio/toolchain/risc-v embedded gcc/bin/../lib/gcc/riscv-none-embed/8.2.0/../../../../riscv-none-embed/lib/rv32imac/ilp32\libg_nano.a(lib_a-stdio.o)
[...]
Memory Configuration

Name             Origin             Length             Attributes
FLASH            0x0000000000005000 0x0000000000039000 xr
RAM              0x0000000020000000 0x0000000000008000 xrw
*default*        0x0000000000000000 0xffffffffffffffff

Linker script and memory map

LOAD ./User/ch32v30x_it.o
LOAD ./User/ch32v30x_usbhs_device.o
LOAD ./User/layout.o
LOAD ./User/main.o
LOAD ./User/system_ch32v30x.o
LOAD ./User/usbd_compostie_km.o
LOAD ./User/usbd_desc.o
LOAD ./Startup/startup_ch32v30x_D8C.o
LOAD ./Peripheral/src/ch32v30x_adc.o
LOAD ./Peripheral/src/ch32v30x_bkp.o
LOAD ./Peripheral/src/ch32v30x_can.o
LOAD ./Peripheral/src/ch32v30x_crc.o
LOAD ./Peripheral/src/ch32v30x_dac.o
LOAD ./Peripheral/src/ch32v30x_dbgmcu.o
LOAD ./Peripheral/src/ch32v30x_dma.o
LOAD ./Peripheral/src/ch32v30x_dvp.o
LOAD ./Peripheral/src/ch32v30x_eth.o
LOAD ./Peripheral/src/ch32v30x_exti.o
LOAD ./Peripheral/src/ch32v30x_flash.o
LOAD ./Peripheral/src/ch32v30x_fsmc.o
LOAD ./Peripheral/src/ch32v30x_gpio.o
LOAD ./Peripheral/src/ch32v30x_i2c.o
LOAD ./Peripheral/src/ch32v30x_iwdg.o
LOAD ./Peripheral/src/ch32v30x_misc.o
LOAD ./Peripheral/src/ch32v30x_opa.o
LOAD ./Peripheral/src/ch32v30x_pwr.o
LOAD ./Peripheral/src/ch32v30x_rcc.o
LOAD ./Peripheral/src/ch32v30x_rng.o
LOAD ./Peripheral/src/ch32v30x_rtc.o
LOAD ./Peripheral/src/ch32v30x_sdio.o
LOAD ./Peripheral/src/ch32v30x_spi.o
LOAD ./Peripheral/src/ch32v30x_tim.o
LOAD ./Peripheral/src/ch32v30x_usart.o
LOAD ./Peripheral/src/ch32v30x_wwdg.o
LOAD ./Debug/debug.o
LOAD ./Core/core_riscv.o
LOAD c:/mounriver/mounriver_studio/toolchain/risc-v embedded gcc/bin/../lib/gcc/riscv-none-embed/8.2.0/rv32imac/ilp32\libgcc.a
LOAD c:/mounriver/mounriver_studio/toolchain/risc-v embedded gcc/bin/../lib/gcc/riscv-none-embed/8.2.0/../../../../riscv-none-embed/lib/rv32imac/ilp32\libg_nano.a
LOAD c:/mounriver/mounriver_studio/toolchain/risc-v embedded gcc/bin/../lib/gcc/riscv-none-embed/8.2.0/../../../../riscv-none-embed/lib/rv32imac/ilp32\libc_nano.a
LOAD c:/mounriver/mounriver_studio/toolchain/risc-v embedded gcc/bin/../lib/gcc/riscv-none-embed/8.2.0/rv32imac/ilp32\libgcc.a
START GROUP
LOAD c:/mounriver/mounriver_studio/toolchain/risc-v embedded gcc/bin/../lib/gcc/riscv-none-embed/8.2.0/rv32imac/ilp32\libgcc.a
LOAD c:/mounriver/mounriver_studio/toolchain/risc-v embedded gcc/bin/../lib/gcc/riscv-none-embed/8.2.0/../../../../riscv-none-embed/lib/rv32imac/ilp32\libc_nano.a
LOAD c:/mounriver/mounriver_studio/toolchain/risc-v embedded gcc/bin/../lib/gcc/riscv-none-embed/8.2.0/../../../../riscv-none-embed/lib/rv32imac/ilp32\libnosys.a
END GROUP
START GROUP
LOAD c:/mounriver/mounriver_studio/toolchain/risc-v embedded gcc/bin/../lib/gcc/riscv-none-embed/8.2.0/rv32imac/ilp32\libgcc.a
LOAD c:/mounriver/mounriver_studio/toolchain/risc-v embedded gcc/bin/../lib/gcc/riscv-none-embed/8.2.0/../../../../riscv-none-embed/lib/rv32imac/ilp32\libc_nano.a
LOAD c:/mounriver/mounriver_studio/toolchain/risc-v embedded gcc/bin/../lib/gcc/riscv-none-embed/8.2.0/../../../../riscv-none-embed/lib/rv32imac/ilp32\libnosys.a
END GROUP
                0x0000000000000800                __stack_size = 0x800
                [!provide]                        PROVIDE (_stack_size = __stack_size)

.init           0x0000000000005000       0x38
                0x0000000000005000                _sinit = .
                0x0000000000005000                . = ALIGN (0x4)
 *(SORT_NONE(.init))
 .init          0x0000000000005000       0x38 ./Startup/startup_ch32v30x_D8C.o
                0x0000000000005000                _start
                0x0000000000005038                . = ALIGN (0x4)
                0x0000000000005038                _einit = .

.vector         0x0000000000005038      0x1c8
 *(.vector)
 .vector        0x0000000000005038      0x1a0 ./Startup/startup_ch32v30x_D8C.o
                0x0000000000005200                . = ALIGN (0x40)
 *fill*         0x00000000000051d8       0x28 

.text           0x0000000000005200     0x2870
                0x0000000000005200                . = ALIGN (0x4)
 *(.text)
 .text          0x0000000000005200       0xa8 c:/mounriver/mounriver_studio/toolchain/risc-v embedded gcc/bin/../lib/gcc/riscv-none-embed/8.2.0/../../../../riscv-none-embed/lib/rv32imac/ilp32\libg_nano.a(lib_a-memset.o)
                0x0000000000005200                memset
 *(.text.*)
 .text.NMI_Handler
                0x00000000000052a8        0x4 ./User/ch32v30x_it.o
                0x00000000000052a8                NMI_Handler
 .text.HardFault_Handler
                0x00000000000052ac        0x2 ./User/ch32v30x_it.o
                0x00000000000052ac                HardFault_Handler
 .text.USBHS_RCC_Init
                0x00000000000052ae       0x32 ./User/ch32v30x_usbhs_device.o
                0x00000000000052ae                USBHS_RCC_Init
 .text.USBHS_Device_Endp_Init
                0x00000000000052e0       0x50 ./User/ch32v30x_usbhs_device.o
                0x00000000000052e0                USBHS_Device_Endp_Init
 .text.USBHS_Device_Init
                0x0000000000005330       0x76 ./User/ch32v30x_usbhs_device.o
                0x0000000000005330                USBHS_Device_Init
 .text.USBHS_Endp_DataUp
                0x00000000000053a6      0x128 ./User/ch32v30x_usbhs_device.o
                0x00000000000053a6                USBHS_Endp_DataUp
 .text.USBHS_IRQHandler
                0x00000000000054ce      0x6ee ./User/ch32v30x_usbhs_device.o
                0x00000000000054ce                USBHS_IRQHandler
 .text.USBHS_Send_Resume
                0x0000000000005bbc       0x34 ./User/ch32v30x_usbhs_device.o
                0x0000000000005bbc                USBHS_Send_Resume
 .text.startup.main
                0x0000000000005bf0       0x94 ./User/main.o
                0x0000000000005bf0                main
 .text.SystemInit
                0x0000000000005c84       0xf8 ./User/system_ch32v30x.o
                0x0000000000005c84                SystemInit
 .text.SystemCoreClockUpdate
                0x0000000000005d7c       0xc0 ./User/system_ch32v30x.o
                0x0000000000005d7c                SystemCoreClockUpdate
 .text.TIM3_Init
                0x0000000000005e3c       0x6a ./User/usbd_compostie_km.o
                0x0000000000005e3c                TIM3_Init
 .text.KB_Scan_Init
                0x0000000000005ea6       0x5c ./User/usbd_compostie_km.o
                0x0000000000005ea6                KB_Scan_Init
 .text.KB_Sleep_Wakeup_Cfg
                0x0000000000005f02       0xa6 ./User/usbd_compostie_km.o
                0x0000000000005f02                KB_Sleep_Wakeup_Cfg
 .text.KB_Scan  0x0000000000005fa8       0x36 ./User/usbd_compostie_km.o
                0x0000000000005fa8                KB_Scan
 .text.DB_Algo  0x0000000000005fde       0x5a ./User/usbd_compostie_km.o
                0x0000000000005fde                DB_Algo
 .text.DB_Timer
                0x0000000000006038       0x1e ./User/usbd_compostie_km.o
                0x0000000000006038                DB_Timer
 .text.TIM3_IRQHandler
                0x0000000000006056       0x28 ./User/usbd_compostie_km.o
                0x0000000000006056                TIM3_IRQHandler
 .text.KB_Scan_Handle
                0x000000000000607e       0xc2 ./User/usbd_compostie_km.o
                0x000000000000607e                KB_Scan_Handle
 .text.LED_Init
                0x0000000000006140       0x32 ./User/usbd_compostie_km.o
                0x0000000000006140                LED_Init
 .text.KB_LED_Handle
                0x0000000000006172       0xac ./User/usbd_compostie_km.o
                0x0000000000006172                KB_LED_Handle
 .text.KB_Schedule
                0x000000000000621e       0x16 ./User/usbd_compostie_km.o
                0x000000000000621e                KB_Schedule
 .text.USB_Sleep_Wakeup_CFG
                0x0000000000006234       0x20 ./User/usbd_compostie_km.o
                0x0000000000006234                USB_Sleep_Wakeup_CFG
 .text.MCU_Sleep_Wakeup_Operate
                0x0000000000006254       0xb0 ./User/usbd_compostie_km.o
                0x0000000000006254                MCU_Sleep_Wakeup_Operate
 .text.vector_handler
                0x0000000000006304       0xbe ./Startup/startup_ch32v30x_D8C.o
                0x0000000000006308                Ecall_M_Mode_Handler
                0x000000000000630a                Ecall_U_Mode_Handler
                0x000000000000630c                Break_Point_Handler
                0x000000000000630e                SysTick_Handler
                0x0000000000006310                SW_Handler
                0x0000000000006312                WWDG_IRQHandler
                0x0000000000006314                PVD_IRQHandler
                0x0000000000006316                TAMPER_IRQHandler
                0x0000000000006318                RTC_IRQHandler
                0x000000000000631a                FLASH_IRQHandler
                0x000000000000631c                RCC_IRQHandler
                0x000000000000631e                EXTI0_IRQHandler
                0x0000000000006320                EXTI1_IRQHandler
                0x0000000000006322                EXTI2_IRQHandler
                0x0000000000006324                EXTI3_IRQHandler
                0x0000000000006326                EXTI4_IRQHandler
                0x0000000000006328                DMA1_Channel1_IRQHandler
                0x000000000000632a                DMA1_Channel2_IRQHandler
                0x000000000000632c                DMA1_Channel3_IRQHandler
                0x000000000000632e                DMA1_Channel4_IRQHandler
                0x0000000000006330                DMA1_Channel5_IRQHandler
                0x0000000000006332                DMA1_Channel6_IRQHandler
                0x0000000000006334                DMA1_Channel7_IRQHandler
                0x0000000000006336                ADC1_2_IRQHandler
                0x0000000000006338                USB_HP_CAN1_TX_IRQHandler
                0x000000000000633a                USB_LP_CAN1_RX0_IRQHandler
                0x000000000000633c                CAN1_RX1_IRQHandler
                0x000000000000633e                CAN1_SCE_IRQHandler
                0x0000000000006340                EXTI9_5_IRQHandler
                0x0000000000006342                TIM1_BRK_IRQHandler
                0x0000000000006344                TIM1_UP_IRQHandler
                0x0000000000006346                TIM1_TRG_COM_IRQHandler
                0x0000000000006348                TIM1_CC_IRQHandler
                0x000000000000634a                TIM2_IRQHandler
                0x000000000000634e                TIM4_IRQHandler
                0x0000000000006350                I2C1_EV_IRQHandler
                0x0000000000006352                I2C1_ER_IRQHandler
                0x0000000000006354                I2C2_EV_IRQHandler
                0x0000000000006356                I2C2_ER_IRQHandler
                0x0000000000006358                SPI1_IRQHandler
                0x000000000000635a                SPI2_IRQHandler
                0x000000000000635c                USART1_IRQHandler
                0x000000000000635e                USART2_IRQHandler
                0x0000000000006360                USART3_IRQHandler
                0x0000000000006362                EXTI15_10_IRQHandler
                0x0000000000006364                RTCAlarm_IRQHandler
                0x0000000000006366                USBWakeUp_IRQHandler
                0x0000000000006368                TIM8_BRK_IRQHandler
                0x000000000000636a                TIM8_UP_IRQHandler
                0x000000000000636c                TIM8_TRG_COM_IRQHandler
                0x000000000000636e                TIM8_CC_IRQHandler
                0x0000000000006370                RNG_IRQHandler
                0x0000000000006372                FSMC_IRQHandler
                0x0000000000006374                SDIO_IRQHandler
                0x0000000000006376                TIM5_IRQHandler
                0x0000000000006378                SPI3_IRQHandler
                0x000000000000637a                UART4_IRQHandler
                0x000000000000637c                UART5_IRQHandler
                0x000000000000637e                TIM6_IRQHandler
                0x0000000000006380                TIM7_IRQHandler
                0x0000000000006382                DMA2_Channel1_IRQHandler
                0x0000000000006384                DMA2_Channel2_IRQHandler
                0x0000000000006386                DMA2_Channel3_IRQHandler
                0x0000000000006388                DMA2_Channel4_IRQHandler
                0x000000000000638a                DMA2_Channel5_IRQHandler
                0x000000000000638c                ETH_IRQHandler
                0x000000000000638e                ETH_WKUP_IRQHandler
                0x0000000000006390                CAN2_TX_IRQHandler
                0x0000000000006392                CAN2_RX0_IRQHandler
                0x0000000000006394                CAN2_RX1_IRQHandler
                0x0000000000006396                CAN2_SCE_IRQHandler
                0x0000000000006398                OTG_FS_IRQHandler
                0x000000000000639a                USBHSWakeup_IRQHandler
                0x000000000000639e                DVP_IRQHandler
                0x00000000000063a0                UART6_IRQHandler
                0x00000000000063a2                UART7_IRQHandler
                0x00000000000063a4                UART8_IRQHandler
                0x00000000000063a6                TIM9_BRK_IRQHandler
                0x00000000000063a8                TIM9_UP_IRQHandler
                0x00000000000063aa                TIM9_TRG_COM_IRQHandler
                0x00000000000063ac                TIM9_CC_IRQHandler
                0x00000000000063ae                TIM10_BRK_IRQHandler
                0x00000000000063b0                TIM10_UP_IRQHandler
                0x00000000000063b2                TIM10_TRG_COM_IRQHandler
                0x00000000000063b4                TIM10_CC_IRQHandler
                0x00000000000063b6                DMA2_Channel6_IRQHandler
                0x00000000000063b8                DMA2_Channel7_IRQHandler
                0x00000000000063ba                DMA2_Channel8_IRQHandler
                0x00000000000063bc                DMA2_Channel9_IRQHandler
                0x00000000000063be                DMA2_Channel10_IRQHandler
                0x00000000000063c0                DMA2_Channel11_IRQHandler
 .text.handle_reset
                0x00000000000063c2       0x8a ./Startup/startup_ch32v30x_D8C.o
                0x00000000000063c2                handle_reset
 .text.EXTI_Init
                0x000000000000644c       0x6a ./Peripheral/src/ch32v30x_exti.o
                0x000000000000644c                EXTI_Init
 .text.EXTI_GetFlagStatus
                0x00000000000064b6       0x12 ./Peripheral/src/ch32v30x_exti.o
                0x00000000000064b6                EXTI_GetFlagStatus
 .text.EXTI_ClearFlag
                0x00000000000064c8        0xa ./Peripheral/src/ch32v30x_exti.o
                0x00000000000064c8                EXTI_ClearFlag
 .text.GPIO_Init
                0x00000000000064d2       0xc2 ./Peripheral/src/ch32v30x_gpio.o
                0x00000000000064d2                GPIO_Init
 .text.GPIO_ReadInputData
                0x0000000000006594        0x8 ./Peripheral/src/ch32v30x_gpio.o
                0x0000000000006594                GPIO_ReadInputData
 .text.GPIO_WriteBit
                0x000000000000659c        0xa ./Peripheral/src/ch32v30x_gpio.o
                0x000000000000659c                GPIO_WriteBit
 .text.GPIO_Write
                0x00000000000065a6        0x4 ./Peripheral/src/ch32v30x_gpio.o
                0x00000000000065a6                GPIO_Write
 .text.GPIO_EXTILineConfig
                0x00000000000065aa       0x2c ./Peripheral/src/ch32v30x_gpio.o
                0x00000000000065aa                GPIO_EXTILineConfig
 .text.NVIC_PriorityGroupConfig
                0x00000000000065d6        0x6 ./Peripheral/src/ch32v30x_misc.o
                0x00000000000065d6                NVIC_PriorityGroupConfig
 .text.NVIC_Init
                0x00000000000065dc       0xb8 ./Peripheral/src/ch32v30x_misc.o
                0x00000000000065dc                NVIC_Init
 .text.RCC_GetClocksFreq
                0x0000000000006694      0x17e ./Peripheral/src/ch32v30x_rcc.o
                0x0000000000006694                RCC_GetClocksFreq
 .text.RCC_AHBPeriphClockCmd
                0x0000000000006812       0x1e ./Peripheral/src/ch32v30x_rcc.o
                0x0000000000006812                RCC_AHBPeriphClockCmd
 .text.RCC_APB2PeriphClockCmd
                0x0000000000006830       0x1e ./Peripheral/src/ch32v30x_rcc.o
                0x0000000000006830                RCC_APB2PeriphClockCmd
 .text.RCC_APB1PeriphClockCmd
                0x000000000000684e       0x1e ./Peripheral/src/ch32v30x_rcc.o
                0x000000000000684e                RCC_APB1PeriphClockCmd
 .text.RCC_USBHSConfig
                0x000000000000686c       0x1a ./Peripheral/src/ch32v30x_rcc.o
                0x000000000000686c                RCC_USBHSConfig
 .text.RCC_USBHSPLLCLKConfig
                0x0000000000006886       0x1a ./Peripheral/src/ch32v30x_rcc.o
                0x0000000000006886                RCC_USBHSPLLCLKConfig
 .text.RCC_USBHSPLLCKREFCLKConfig
                0x00000000000068a0       0x1a ./Peripheral/src/ch32v30x_rcc.o
                0x00000000000068a0                RCC_USBHSPLLCKREFCLKConfig
 .text.RCC_USBHSPHYPLLALIVEcmd
                0x00000000000068ba       0x24 ./Peripheral/src/ch32v30x_rcc.o
                0x00000000000068ba                RCC_USBHSPHYPLLALIVEcmd
 .text.RCC_USBCLK48MConfig
                0x00000000000068de       0x16 ./Peripheral/src/ch32v30x_rcc.o
                0x00000000000068de                RCC_USBCLK48MConfig
 .text.TIM_TimeBaseInit
                0x00000000000068f4       0xc0 ./Peripheral/src/ch32v30x_tim.o
                0x00000000000068f4                TIM_TimeBaseInit
 .text.TIM_Cmd  0x00000000000069b4       0x1c ./Peripheral/src/ch32v30x_tim.o
                0x00000000000069b4                TIM_Cmd
 .text.TIM_ITConfig
                0x00000000000069d0       0x16 ./Peripheral/src/ch32v30x_tim.o
                0x00000000000069d0                TIM_ITConfig
 .text.TIM_GetITStatus
                0x00000000000069e6       0x1c ./Peripheral/src/ch32v30x_tim.o
                0x00000000000069e6                TIM_GetITStatus
 .text.TIM_ClearITPendingBit
                0x0000000000006a02        0xe ./Peripheral/src/ch32v30x_tim.o
                0x0000000000006a02                TIM_ClearITPendingBit
 .text.USART_Init
                0x0000000000006a10       0xd8 ./Peripheral/src/ch32v30x_usart.o
                0x0000000000006a10                USART_Init
 .text.USART_Cmd
                0x0000000000006ae8       0x1c ./Peripheral/src/ch32v30x_usart.o
                0x0000000000006ae8                USART_Cmd
 .text.USART_SendData
                0x0000000000006b04        0xa ./Peripheral/src/ch32v30x_usart.o
                0x0000000000006b04                USART_SendData
 .text.USART_GetFlagStatus
                0x0000000000006b0e        0xc ./Peripheral/src/ch32v30x_usart.o
                0x0000000000006b0e                USART_GetFlagStatus
 .text.Delay_Init
                0x0000000000006b1a       0x2a ./Debug/debug.o
                0x0000000000006b1a                Delay_Init
 .text.Delay_Us
                0x0000000000006b44       0x36 ./Debug/debug.o
                0x0000000000006b44                Delay_Us
 .text.Delay_Ms
                0x0000000000006b7a       0x36 ./Debug/debug.o
                0x0000000000006b7a                Delay_Ms
 .text.USART_Printf_Init
                0x0000000000006bb0       0x58 ./Debug/debug.o
                0x0000000000006bb0                USART_Printf_Init
 .text._write   0x0000000000006c08       0x4c ./Debug/debug.o
                0x0000000000006c08                _write
 .text._sbrk    0x0000000000006c54       0x26 ./Debug/debug.o
                0x0000000000006c54                _sbrk
 .text.memcpy   0x0000000000006c7a       0xb6 c:/mounriver/mounriver_studio/toolchain/risc-v embedded gcc/bin/../lib/gcc/riscv-none-embed/8.2.0/../../../../riscv-none-embed/lib/rv32imac/ilp32\libg_nano.a(lib_a-memcpy.o)
                0x0000000000006c7a                memcpy
 .text._puts_r  0x0000000000006d30       0xda c:/mounriver/mounriver_studio/toolchain/risc-v embedded gcc/bin/../lib/gcc/riscv-none-embed/8.2.0/../../../../riscv-none-embed/lib/rv32imac/ilp32\libg_nano.a(lib_a-puts.o)
                0x0000000000006d30                _puts_r
 .text.puts     0x0000000000006e0a        0xa c:/mounriver/mounriver_studio/toolchain/risc-v embedded gcc/bin/../lib/gcc/riscv-none-embed/8.2.0/../../../../riscv-none-embed/lib/rv32imac/ilp32\libg_nano.a(lib_a-puts.o)
                0x0000000000006e0a                puts
 .text.__swbuf_r
                0x0000000000006e14       0xc0 c:/mounriver/mounriver_studio/toolchain/risc-v embedded gcc/bin/../lib/gcc/riscv-none-embed/8.2.0/../../../../riscv-none-embed/lib/rv32imac/ilp32\libg_nano.a(lib_a-wbuf.o)
                0x0000000000006e14                __swbuf_r
 .text.__swsetup_r
                0x0000000000006ed4      0x10c c:/mounriver/mounriver_studio/toolchain/risc-v embedded gcc/bin/../lib/gcc/riscv-none-embed/8.2.0/../../../../riscv-none-embed/lib/rv32imac/ilp32\libg_nano.a(lib_a-wsetup.o)
                0x0000000000006ed4                __swsetup_r
 .text.__sflush_r
                0x0000000000006fe0      0x13c c:/mounriver/mounriver_studio/toolchain/risc-v embedded gcc/bin/../lib/gcc/riscv-none-embed/8.2.0/../../../../riscv-none-embed/lib/rv32imac/ilp32\libg_nano.a(lib_a-fflush.o)
                0x0000000000006fe0                __sflush_r
 .text._fflush_r
                0x000000000000711c       0x64 c:/mounriver/mounriver_studio/toolchain/risc-v embedded gcc/bin/../lib/gcc/riscv-none-embed/8.2.0/../../../../riscv-none-embed/lib/rv32imac/ilp32\libg_nano.a(lib_a-fflush.o)
                0x000000000000711c                _fflush_r
 .text.std      0x0000000000007180       0x6a c:/mounriver/mounriver_studio/toolchain/risc-v embedded gcc/bin/../lib/gcc/riscv-none-embed/8.2.0/../../../../riscv-none-embed/lib/rv32imac/ilp32\libg_nano.a(lib_a-findfp.o)
 .text._cleanup_r
                0x00000000000071ea        0xa c:/mounriver/mounriver_studio/toolchain/risc-v embedded gcc/bin/../lib/gcc/riscv-none-embed/8.2.0/../../../../riscv-none-embed/lib/rv32imac/ilp32\libg_nano.a(lib_a-findfp.o)
                0x00000000000071ea                _cleanup_r
 .text.__sfmoreglue
                0x00000000000071f4       0x46 c:/mounriver/mounriver_studio/toolchain/risc-v embedded gcc/bin/../lib/gcc/riscv-none-embed/8.2.0/../../../../riscv-none-embed/lib/rv32imac/ilp32\libg_nano.a(lib_a-findfp.o)
                0x00000000000071f4                __sfmoreglue
 .text.__sinit  0x000000000000723a       0x66 c:/mounriver/mounriver_studio/toolchain/risc-v embedded gcc/bin/../lib/gcc/riscv-none-embed/8.2.0/../../../../riscv-none-embed/lib/rv32imac/ilp32\libg_nano.a(lib_a-findfp.o)
                0x000000000000723a                __sinit
 .text.__sfp    0x00000000000072a0       0x9c c:/mounriver/mounriver_studio/toolchain/risc-v embedded gcc/bin/../lib/gcc/riscv-none-embed/8.2.0/../../../../riscv-none-embed/lib/rv32imac/ilp32\libg_nano.a(lib_a-findfp.o)
                0x00000000000072a0                __sfp
 .text._fwalk_reent
                0x000000000000733c       0x6c c:/mounriver/mounriver_studio/toolchain/risc-v embedded gcc/bin/../lib/gcc/riscv-none-embed/8.2.0/../../../../riscv-none-embed/lib/rv32imac/ilp32\libg_nano.a(lib_a-fwalk.o)
                0x000000000000733c                _fwalk_reent
 .text.__swhatbuf_r
                0x00000000000073a8       0x58 c:/mounriver/mounriver_studio/toolchain/risc-v embedded gcc/bin/../lib/gcc/riscv-none-embed/8.2.0/../../../../riscv-none-embed/lib/rv32imac/ilp32\libg_nano.a(lib_a-makebuf.o)
                0x00000000000073a8                __swhatbuf_r
 .text.__smakebuf_r
                0x0000000000007400       0x9c c:/mounriver/mounriver_studio/toolchain/risc-v embedded gcc/bin/../lib/gcc/riscv-none-embed/8.2.0/../../../../riscv-none-embed/lib/rv32imac/ilp32\libg_nano.a(lib_a-makebuf.o)
                0x0000000000007400                __smakebuf_r
 .text._free_r  0x000000000000749c       0xa4 c:/mounriver/mounriver_studio/toolchain/risc-v embedded gcc/bin/../lib/gcc/riscv-none-embed/8.2.0/../../../../riscv-none-embed/lib/rv32imac/ilp32\libg_nano.a(lib_a-nano-freer.o)
                0x000000000000749c                _free_r
 .text._malloc_r
                0x0000000000007540       0xce c:/mounriver/mounriver_studio/toolchain/risc-v embedded gcc/bin/../lib/gcc/riscv-none-embed/8.2.0/../../../../riscv-none-embed/lib/rv32imac/ilp32\libg_nano.a(lib_a-nano-mallocr.o)
                0x0000000000007540                _malloc_r
 .text._sbrk_r  0x000000000000760e       0x2a c:/mounriver/mounriver_studio/toolchain/risc-v embedded gcc/bin/../lib/gcc/riscv-none-embed/8.2.0/../../../../riscv-none-embed/lib/rv32imac/ilp32\libg_nano.a(lib_a-sbrkr.o)
                0x000000000000760e                _sbrk_r
 .text.__sread  0x0000000000007638       0x30 c:/mounriver/mounriver_studio/toolchain/risc-v embedded gcc/bin/../lib/gcc/riscv-none-embed/8.2.0/../../../../riscv-none-embed/lib/rv32imac/ilp32\libg_nano.a(lib_a-stdio.o)
                0x0000000000007638                __sread
 .text.__swrite
                0x0000000000007668       0x4e c:/mounriver/mounriver_studio/toolchain/risc-v embedded gcc/bin/../lib/gcc/riscv-none-embed/8.2.0/../../../../riscv-none-embed/lib/rv32imac/ilp32\libg_nano.a(lib_a-stdio.o)
                0x0000000000007668                __swrite
 .text.__sseek  0x00000000000076b6       0x36 c:/mounriver/mounriver_studio/toolchain/risc-v embedded gcc/bin/../lib/gcc/riscv-none-embed/8.2.0/../../../../riscv-none-embed/lib/rv32imac/ilp32\libg_nano.a(lib_a-stdio.o)
                0x00000000000076b6                __sseek
 .text.__sclose
                0x00000000000076ec        0x6 c:/mounriver/mounriver_studio/toolchain/risc-v embedded gcc/bin/../lib/gcc/riscv-none-embed/8.2.0/../../../../riscv-none-embed/lib/rv32imac/ilp32\libg_nano.a(lib_a-stdio.o)
                0x00000000000076ec                __sclose
 .text._write_r
                0x00000000000076f2       0x2e c:/mounriver/mounriver_studio/toolchain/risc-v embedded gcc/bin/../lib/gcc/riscv-none-embed/8.2.0/../../../../riscv-none-embed/lib/rv32imac/ilp32\libg_nano.a(lib_a-writer.o)
                0x00000000000076f2                _write_r
 .text._close_r
                0x0000000000007720       0x28 c:/mounriver/mounriver_studio/toolchain/risc-v embedded gcc/bin/../lib/gcc/riscv-none-embed/8.2.0/../../../../riscv-none-embed/lib/rv32imac/ilp32\libg_nano.a(lib_a-closer.o)
                0x0000000000007720                _close_r
 .text._fstat_r
                0x0000000000007748       0x2a c:/mounriver/mounriver_studio/toolchain/risc-v embedded gcc/bin/../lib/gcc/riscv-none-embed/8.2.0/../../../../riscv-none-embed/lib/rv32imac/ilp32\libg_nano.a(lib_a-fstatr.o)
                0x0000000000007748                _fstat_r
 .text._isatty_r
                0x0000000000007772       0x28 c:/mounriver/mounriver_studio/toolchain/risc-v embedded gcc/bin/../lib/gcc/riscv-none-embed/8.2.0/../../../../riscv-none-embed/lib/rv32imac/ilp32\libg_nano.a(lib_a-isattyr.o)
                0x0000000000007772                _isatty_r
 .text._lseek_r
                0x000000000000779a       0x2c c:/mounriver/mounriver_studio/toolchain/risc-v embedded gcc/bin/../lib/gcc/riscv-none-embed/8.2.0/../../../../riscv-none-embed/lib/rv32imac/ilp32\libg_nano.a(lib_a-lseekr.o)
                0x000000000000779a                _lseek_r
 .text.__malloc_lock
                0x00000000000077c6        0x2 c:/mounriver/mounriver_studio/toolchain/risc-v embedded gcc/bin/../lib/gcc/riscv-none-embed/8.2.0/../../../../riscv-none-embed/lib/rv32imac/ilp32\libg_nano.a(lib_a-mlock.o)
                0x00000000000077c6                __malloc_lock
 .text.__malloc_unlock
                0x00000000000077c8        0x2 c:/mounriver/mounriver_studio/toolchain/risc-v embedded gcc/bin/../lib/gcc/riscv-none-embed/8.2.0/../../../../riscv-none-embed/lib/rv32imac/ilp32\libg_nano.a(lib_a-mlock.o)
                0x00000000000077c8                __malloc_unlock
 .text._read_r  0x00000000000077ca       0x2c c:/mounriver/mounriver_studio/toolchain/risc-v embedded gcc/bin/../lib/gcc/riscv-none-embed/8.2.0/../../../../riscv-none-embed/lib/rv32imac/ilp32\libg_nano.a(lib_a-readr.o)
                0x00000000000077ca                _read_r
 .text._close   0x00000000000077f6        0xc c:/mounriver/mounriver_studio/toolchain/risc-v embedded gcc/bin/../lib/gcc/riscv-none-embed/8.2.0/../../../../riscv-none-embed/lib/rv32imac/ilp32\libnosys.a(close.o)
                0x00000000000077f6                _close
 .text._fstat   0x0000000000007802        0xc c:/mounriver/mounriver_studio/toolchain/risc-v embedded gcc/bin/../lib/gcc/riscv-none-embed/8.2.0/../../../../riscv-none-embed/lib/rv32imac/ilp32\libnosys.a(fstat.o)
                0x0000000000007802                _fstat
 .text._isatty  0x000000000000780e        0xc c:/mounriver/mounriver_studio/toolchain/risc-v embedded gcc/bin/../lib/gcc/riscv-none-embed/8.2.0/../../../../riscv-none-embed/lib/rv32imac/ilp32\libnosys.a(isatty.o)
                0x000000000000780e                _isatty
 .text._lseek   0x000000000000781a        0xc c:/mounriver/mounriver_studio/toolchain/risc-v embedded gcc/bin/../lib/gcc/riscv-none-embed/8.2.0/../../../../riscv-none-embed/lib/rv32imac/ilp32\libnosys.a(lseek.o)
                0x000000000000781a                _lseek
 .text._read    0x0000000000007826        0xc c:/mounriver/mounriver_studio/toolchain/risc-v embedded gcc/bin/../lib/gcc/riscv-none-embed/8.2.0/../../../../riscv-none-embed/lib/rv32imac/ilp32\libnosys.a(read.o)
                0x0000000000007826                _read
 *(.rodata)
 *(.rodata*)
 *fill*         0x0000000000007832        0x2 
 .rodata.USBHS_IRQHandler
                0x0000000000007834       0x58 ./User/ch32v30x_usbhs_device.o
 .rodata.main.str1.4
                0x000000000000788c       0x4f ./User/main.o
 *fill*         0x00000000000078db        0x1 
 .rodata.MCU_Sleep_Wakeup_Operate.str1.4
                0x00000000000078dc       0x10 ./User/usbd_compostie_km.o
                                          0xe (size before relaxing)
 .rodata.KeyRepDesc
                0x00000000000078ec       0x35 ./User/usbd_desc.o
                0x00000000000078ec                KeyRepDesc
 *fill*         0x0000000000007921        0x3 
 .rodata.MediaRepDesc
                0x0000000000007924       0x50 ./User/usbd_desc.o
                0x0000000000007924                MediaRepDesc
 .rodata.MyCfgDescr
                0x0000000000007974       0x3b ./User/usbd_desc.o
                0x0000000000007974                MyCfgDescr
 *fill*         0x00000000000079af        0x1 
 .rodata.MyDevDescr
                0x00000000000079b0       0x12 ./User/usbd_desc.o
                0x00000000000079b0                MyDevDescr
 *fill*         0x00000000000079c2        0x2 
 .rodata.MyManuInfo
                0x00000000000079c4       0x12 ./User/usbd_desc.o
                0x00000000000079c4                MyManuInfo
 *fill*         0x00000000000079d6        0x2 
 .rodata.MyProdInfo
                0x00000000000079d8       0x14 ./User/usbd_desc.o
                0x00000000000079d8                MyProdInfo
 .rodata.MyQuaDesc
                0x00000000000079ec        0xa ./User/usbd_desc.o
                0x00000000000079ec                MyQuaDesc
 *fill*         0x00000000000079f6        0x2 
 .rodata.MySerNumInfo
                0x00000000000079f8       0x16 ./User/usbd_desc.o
                0x00000000000079f8                MySerNumInfo
 *fill*         0x0000000000007a0e        0x2 
 .rodata.__sf_fake_stderr
                0x0000000000007a10       0x20 c:/mounriver/mounriver_studio/toolchain/risc-v embedded gcc/bin/../lib/gcc/riscv-none-embed/8.2.0/../../../../riscv-none-embed/lib/rv32imac/ilp32\libg_nano.a(lib_a-findfp.o)
                0x0000000000007a10                __sf_fake_stderr
 .rodata.__sf_fake_stdin
                0x0000000000007a30       0x20 c:/mounriver/mounriver_studio/toolchain/risc-v embedded gcc/bin/../lib/gcc/riscv-none-embed/8.2.0/../../../../riscv-none-embed/lib/rv32imac/ilp32\libg_nano.a(lib_a-findfp.o)
                0x0000000000007a30                __sf_fake_stdin
 .rodata.__sf_fake_stdout
                0x0000000000007a50       0x20 c:/mounriver/mounriver_studio/toolchain/risc-v embedded gcc/bin/../lib/gcc/riscv-none-embed/8.2.0/../../../../riscv-none-embed/lib/rv32imac/ilp32\libg_nano.a(lib_a-findfp.o)
                0x0000000000007a50                __sf_fake_stdout
 *(.gnu.linkonce.t.*)
                0x0000000000007a70                . = ALIGN (0x4)

.rela.dyn       0x0000000000007a70        0x0
 .rela.text.USBHS_Device_Endp_Init
                0x0000000000007a70        0x0 ./User/ch32v30x_it.o
 .rela.text.USBHS_Endp_DataUp
                0x0000000000007a70        0x0 ./User/ch32v30x_it.o
 .rela.text.USBHS_IRQHandler
                0x0000000000007a70        0x0 ./User/ch32v30x_it.o
 .rela.text.KB_Scan_Handle
                0x0000000000007a70        0x0 ./User/ch32v30x_it.o
 .rela.text.KB_Schedule
                0x0000000000007a70        0x0 ./User/ch32v30x_it.o
 .rela.init     0x0000000000007a70        0x0 ./User/ch32v30x_it.o
 .rela.vector   0x0000000000007a70        0x0 ./User/ch32v30x_it.o
 .rela.text.handle_reset
                0x0000000000007a70        0x0 ./User/ch32v30x_it.o
 .rela.text._sbrk
                0x0000000000007a70        0x0 ./User/ch32v30x_it.o
 .rela.sdata.curbrk.5218
                0x0000000000007a70        0x0 ./User/ch32v30x_it.o
 .rela.text._sbrk_r
                0x0000000000007a70        0x0 ./User/ch32v30x_it.o
 .rela.text._write_r
                0x0000000000007a70        0x0 ./User/ch32v30x_it.o
 .rela.text._close_r
                0x0000000000007a70        0x0 ./User/ch32v30x_it.o
 .rela.text._fstat_r
                0x0000000000007a70        0x0 ./User/ch32v30x_it.o
 .rela.text._isatty_r
                0x0000000000007a70        0x0 ./User/ch32v30x_it.o
 .rela.text._lseek_r
                0x0000000000007a70        0x0 ./User/ch32v30x_it.o
 .rela.text._read_r
                0x0000000000007a70        0x0 ./User/ch32v30x_it.o
 .rela.text._close
                0x0000000000007a70        0x0 ./User/ch32v30x_it.o
 .rela.text._fstat
                0x0000000000007a70        0x0 ./User/ch32v30x_it.o
 .rela.text._isatty
                0x0000000000007a70        0x0 ./User/ch32v30x_it.o
 .rela.text._lseek
                0x0000000000007a70        0x0 ./User/ch32v30x_it.o
 .rela.text._read
                0x0000000000007a70        0x0 ./User/ch32v30x_it.o

.fini           0x0000000000007a70        0x0
 *(SORT_NONE(.fini))
                0x0000000000007a70                . = ALIGN (0x4)
                [!provide]                        PROVIDE (_etext = .)
                [!provide]                        PROVIDE (_eitcm = .)

.preinit_array  0x0000000000007a70        0x0
                [!provide]                        PROVIDE (__preinit_array_start = .)
 *(.preinit_array)
                [!provide]                        PROVIDE (__preinit_array_end = .)

.init_array     0x0000000000007a70        0x0
                [!provide]                        PROVIDE (__init_array_start = .)
 *(SORT_BY_INIT_PRIORITY(.init_array.*) SORT_BY_INIT_PRIORITY(.ctors.*))
 *(.init_array EXCLUDE_FILE(*crtend?.o *crtend.o *crtbegin?.o *crtbegin.o) .ctors)
                [!provide]                        PROVIDE (__init_array_end = .)

.fini_array     0x0000000000007a70        0x0
                [!provide]                        PROVIDE (__fini_array_start = .)
 *(SORT_BY_INIT_PRIORITY(.fini_array.*) SORT_BY_INIT_PRIORITY(.dtors.*))
 *(.fini_array EXCLUDE_FILE(*crtend?.o *crtend.o *crtbegin?.o *crtbegin.o) .dtors)
                [!provide]                        PROVIDE (__fini_array_end = .)

.ctors
 *crtbegin.o(.ctors)
 *crtbegin?.o(.ctors)
 *(EXCLUDE_FILE(*crtend?.o *crtend.o) .ctors)
 *(SORT_BY_NAME(.ctors.*))
 *(.ctors)

.dtors
 *crtbegin.o(.dtors)
 *crtbegin?.o(.dtors)
 *(EXCLUDE_FILE(*crtend?.o *crtend.o) .dtors)
 *(SORT_BY_NAME(.dtors.*))
 *(.dtors)

.dalign         0x0000000020000000        0x0 load address 0x0000000000007a70
                0x0000000020000000                . = ALIGN (0x4)
                0x0000000020000000                PROVIDE (_data_vma = .)

.dlalign        0x0000000000007a70        0x0
                0x0000000000007a70                . = ALIGN (0x4)
                0x0000000000007a70                PROVIDE (_data_lma = .)

.data           0x0000000020000000       0xa0 load address 0x0000000000007a70
 *(.gnu.linkonce.r.*)
 *(.data .data.*)
 .data.AHBPrescTable
                0x0000000020000000       0x10 ./User/system_ch32v30x.o
                0x0000000020000000                AHBPrescTable
 .data.APBAHBPrescTable
                0x0000000020000010       0x10 ./Peripheral/src/ch32v30x_rcc.o
 .data.impure_data
                0x0000000020000020       0x60 c:/mounriver/mounriver_studio/toolchain/risc-v embedded gcc/bin/../lib/gcc/riscv-none-embed/8.2.0/../../../../riscv-none-embed/lib/rv32imac/ilp32\libg_nano.a(lib_a-impure.o)
 *(.gnu.linkonce.d.*)
                0x0000000020000080                . = ALIGN (0x8)
                0x0000000020000880                PROVIDE (__global_pointer$ = (. + 0x800))
 *(.sdata .sdata.*)
 .sdata.SystemCoreClock
                0x0000000020000080        0x4 ./User/system_ch32v30x.o
                0x0000000020000080                SystemCoreClock
 .sdata.Debounce_timer
                0x0000000020000084        0x4 ./User/usbd_compostie_km.o
                0x0000000020000084                Debounce_timer
 .sdata.t_debounce
                0x0000000020000088        0x1 ./User/usbd_compostie_km.o
                0x0000000020000088                t_debounce
 *fill*         0x0000000020000089        0x3 
 .sdata.ADCPrescTable
                0x000000002000008c        0x4 ./Peripheral/src/ch32v30x_rcc.o
 .sdata.curbrk.5218
                0x0000000020000090        0x4 ./Debug/debug.o
 .sdata._impure_ptr
                0x0000000020000094        0x4 c:/mounriver/mounriver_studio/toolchain/risc-v embedded gcc/bin/../lib/gcc/riscv-none-embed/8.2.0/../../../../riscv-none-embed/lib/rv32imac/ilp32\libg_nano.a(lib_a-impure.o)
                0x0000000020000094                _impure_ptr
 *(.sdata2.*)
 .sdata2.MyLangDescr
                0x0000000020000098        0x4 ./User/usbd_desc.o
                0x0000000020000098                MyLangDescr
 .sdata2._global_impure_ptr
                0x000000002000009c        0x4 c:/mounriver/mounriver_studio/toolchain/risc-v embedded gcc/bin/../lib/gcc/riscv-none-embed/8.2.0/../../../../riscv-none-embed/lib/rv32imac/ilp32\libg_nano.a(lib_a-impure.o)
                0x000000002000009c                _global_impure_ptr
 *(.gnu.linkonce.s.*)
                0x00000000200000a0                . = ALIGN (0x8)
 *(.srodata.cst16)
 *(.srodata.cst8)
 *(.srodata.cst4)
 *(.srodata.cst2)
 *(.srodata .srodata.*)
                0x00000000200000a0                . = ALIGN (0x4)
                0x00000000200000a0                PROVIDE (_edata = .)

.bss            0x00000000200000a0      0x490 load address 0x0000000000007b10
                0x00000000200000a0                . = ALIGN (0x4)
                0x00000000200000a0                PROVIDE (_sbss = .)
 *(.sbss*)
 .sbss.KB_Data_Pack
                0x00000000200000a0        0x2 ./User/usbd_compostie_km.o
                0x00000000200000a0                KB_Data_Pack
 .sbss.KB_LED_Cur_Status
                0x00000000200000a2        0x1 ./User/usbd_compostie_km.o
                0x00000000200000a2                KB_LED_Cur_Status
 .sbss.KB_LED_Last_Status
                0x00000000200000a3        0x1 ./User/usbd_compostie_km.o
                0x00000000200000a3                KB_LED_Last_Status
 .sbss.cooked_matrix
                0x00000000200000a4        0x4 ./User/usbd_compostie_km.o
                0x00000000200000a4                cooked_matrix
 .sbss.raw_matrix
                0x00000000200000a8        0x4 ./User/usbd_compostie_km.o
                0x00000000200000a8                raw_matrix
 .sbss.update_flag
                0x00000000200000ac        0x1 ./User/usbd_compostie_km.o
 .sbss.usb_flag
                0x00000000200000ad        0x1 ./User/usbd_compostie_km.o
 *fill*         0x00000000200000ae        0x2 
 .sbss.NVIC_Priority_Group
                0x00000000200000b0        0x4 ./Peripheral/src/ch32v30x_misc.o
                0x00000000200000b0                NVIC_Priority_Group
 .sbss.p_ms     0x00000000200000b4        0x2 ./Debug/debug.o
 .sbss.p_us     0x00000000200000b6        0x1 ./Debug/debug.o
 *fill*         0x00000000200000b7        0x1 
 .sbss.__malloc_free_list
                0x00000000200000b8        0x4 c:/mounriver/mounriver_studio/toolchain/risc-v embedded gcc/bin/../lib/gcc/riscv-none-embed/8.2.0/../../../../riscv-none-embed/lib/rv32imac/ilp32\libg_nano.a(lib_a-nano-mallocr.o)
                0x00000000200000b8                __malloc_free_list
 .sbss.__malloc_sbrk_start
                0x00000000200000bc        0x4 c:/mounriver/mounriver_studio/toolchain/risc-v embedded gcc/bin/../lib/gcc/riscv-none-embed/8.2.0/../../../../riscv-none-embed/lib/rv32imac/ilp32\libg_nano.a(lib_a-nano-mallocr.o)
                0x00000000200000bc                __malloc_sbrk_start
 *(.gnu.linkonce.sb.*)
 *(.bss*)
 *(.gnu.linkonce.b.*)
 *(COMMON*)
 COMMON         0x00000000200000c0      0x468 ./User/ch32v30x_usbhs_device.o
                0x00000000200000c0                USBHS_EP2_TX_Buf
                0x00000000200002c0                pUSBHS_Descr
                0x00000000200002c4                USBHS_HidProtocol
                0x00000000200002c8                USBHS_EP1_TX_Buf
                0x00000000200004c8                USBHS_EP0_Buf
                0x0000000020000508                USBHS_DevConfig
                0x0000000020000509                USBHS_SetupReqType
                0x000000002000050a                USBHS_SetupReqValue
                0x000000002000050c                USBHS_SetupReqIndex
                0x000000002000050e                USBHS_DevAddr
                0x000000002000050f                USBHS_SetupReqCode
                0x0000000020000510                USBHS_SetupReqLen
                0x0000000020000512                USBHS_DevSleepStatus
                0x0000000020000514                USBHS_HidIdle
                0x0000000020000516                USBHS_DevEnumStatus
                0x0000000020000518                USBHS_Endp_Busy
 COMMON         0x0000000020000528        0x1 ./User/usbd_compostie_km.o
                0x0000000020000528                status
 *fill*         0x0000000020000529        0x3 
 COMMON         0x000000002000052c        0x4 c:/mounriver/mounriver_studio/toolchain/risc-v embedded gcc/bin/../lib/gcc/riscv-none-embed/8.2.0/../../../../riscv-none-embed/lib/rv32imac/ilp32\libg_nano.a(lib_a-reent.o)
                0x000000002000052c                errno
                0x0000000020000530                . = ALIGN (0x4)
                0x0000000020000530                PROVIDE (_ebss = .)
                0x0000000020000530                PROVIDE (_end = _ebss)
                [!provide]                        PROVIDE (end = .)

.stack          0x0000000020007800      0x800
                0x0000000020007800                PROVIDE (_heap_end = .)
                0x0000000020007800                . = ALIGN (0x4)
                [!provide]                        PROVIDE (_susrstack = .)
                0x0000000020008000                . = (. + __stack_size)
 *fill*         0x0000000020007800      0x800 
                0x0000000020008000                PROVIDE (_eusrstack = .)
OUTPUT(SKB1_BIN.elf elf32-littleriscv)

.debug_info     0x0000000000000000     0xf3ec
 .debug_info    0x0000000000000000      0x962 ./User/ch32v30x_it.o
 .debug_info    0x0000000000000962     0x1fbe ./User/ch32v30x_usbhs_device.o
 .debug_info    0x0000000000002920      0xdc1 ./User/main.o
 .debug_info    0x00000000000036e1      0xb89 ./User/system_ch32v30x.o
 .debug_info    0x000000000000426a     0x2111 ./User/usbd_compostie_km.o
 .debug_info    0x000000000000637b      0x17b ./User/usbd_desc.o
 .debug_info    0x00000000000064f6       0x22 ./Startup/startup_ch32v30x_D8C.o
 .debug_info    0x0000000000006518      0xc0d ./Peripheral/src/ch32v30x_exti.o
 .debug_info    0x0000000000007125     0x1093 ./Peripheral/src/ch32v30x_gpio.o
 .debug_info    0x00000000000081b8      0xf72 ./Peripheral/src/ch32v30x_misc.o
 .debug_info    0x000000000000912a     0x156e ./Peripheral/src/ch32v30x_rcc.o
 .debug_info    0x000000000000a698     0x2a18 ./Peripheral/src/ch32v30x_tim.o
 .debug_info    0x000000000000d0b0     0x1420 ./Peripheral/src/ch32v30x_usart.o
 .debug_info    0x000000000000e4d0      0xf1c ./Debug/debug.o

.debug_abbrev   0x0000000000000000     0x25c6
 .debug_abbrev  0x0000000000000000      0x1cf ./User/ch32v30x_it.o
 .debug_abbrev  0x00000000000001cf      0x3bc ./User/ch32v30x_usbhs_device.o
 .debug_abbrev  0x000000000000058b      0x28d ./User/main.o
 .debug_abbrev  0x0000000000000818      0x2c0 ./User/system_ch32v30x.o
 .debug_abbrev  0x0000000000000ad8      0x3f1 ./User/usbd_compostie_km.o
 .debug_abbrev  0x0000000000000ec9       0x6c ./User/usbd_desc.o
 .debug_abbrev  0x0000000000000f35       0x12 ./Startup/startup_ch32v30x_D8C.o
 .debug_abbrev  0x0000000000000f47      0x2da ./Peripheral/src/ch32v30x_exti.o
 .debug_abbrev  0x0000000000001221      0x31a ./Peripheral/src/ch32v30x_gpio.o
 .debug_abbrev  0x000000000000153b      0x2fb ./Peripheral/src/ch32v30x_misc.o
 .debug_abbrev  0x0000000000001836      0x351 ./Peripheral/src/ch32v30x_rcc.o
 .debug_abbrev  0x0000000000001b87      0x421 ./Peripheral/src/ch32v30x_tim.o
 .debug_abbrev  0x0000000000001fa8      0x325 ./Peripheral/src/ch32v30x_usart.o
 .debug_abbrev  0x00000000000022cd      0x2f9 ./Debug/debug.o

.debug_aranges  0x0000000000000000      0x860
 .debug_aranges
                0x0000000000000000       0x28 ./User/ch32v30x_it.o
 .debug_aranges
                0x0000000000000028       0x48 ./User/ch32v30x_usbhs_device.o
 .debug_aranges
                0x0000000000000070       0x20 ./User/main.o
 .debug_aranges
                0x0000000000000090       0x28 ./User/system_ch32v30x.o
 .debug_aranges
                0x00000000000000b8       0x80 ./User/usbd_compostie_km.o
 .debug_aranges
                0x0000000000000138       0x18 ./User/usbd_desc.o
 .debug_aranges
                0x0000000000000150       0x30 ./Startup/startup_ch32v30x_D8C.o
 .debug_aranges
                0x0000000000000180       0x50 ./Peripheral/src/ch32v30x_exti.o
 .debug_aranges
                0x00000000000001d0       0xa8 ./Peripheral/src/ch32v30x_gpio.o
 .debug_aranges
                0x0000000000000278       0x28 ./Peripheral/src/ch32v30x_misc.o
 .debug_aranges
                0x00000000000002a0      0x1a8 ./Peripheral/src/ch32v30x_rcc.o
 .debug_aranges
                0x0000000000000448      0x2d0 ./Peripheral/src/ch32v30x_tim.o
 .debug_aranges
                0x0000000000000718      0x100 ./Peripheral/src/ch32v30x_usart.o
 .debug_aranges
                0x0000000000000818       0x48 ./Debug/debug.o

.debug_ranges   0x0000000000000000      0x868
 .debug_ranges  0x0000000000000000       0x18 ./User/ch32v30x_it.o
 .debug_ranges  0x0000000000000018       0x68 ./User/ch32v30x_usbhs_device.o
 .debug_ranges  0x0000000000000080       0x10 ./User/main.o
 .debug_ranges  0x0000000000000090       0x38 ./User/system_ch32v30x.o
 .debug_ranges  0x00000000000000c8       0x90 ./User/usbd_compostie_km.o
 .debug_ranges  0x0000000000000158       0x28 ./Startup/startup_ch32v30x_D8C.o
 .debug_ranges  0x0000000000000180       0x40 ./Peripheral/src/ch32v30x_exti.o
 .debug_ranges  0x00000000000001c0       0x98 ./Peripheral/src/ch32v30x_gpio.o
 .debug_ranges  0x0000000000000258       0x48 ./Peripheral/src/ch32v30x_misc.o
 .debug_ranges  0x00000000000002a0      0x198 ./Peripheral/src/ch32v30x_rcc.o
 .debug_ranges  0x0000000000000438      0x308 ./Peripheral/src/ch32v30x_tim.o
 .debug_ranges  0x0000000000000740       0xf0 ./Peripheral/src/ch32v30x_usart.o
 .debug_ranges  0x0000000000000830       0x38 ./Debug/debug.o

.debug_line     0x0000000000000000     0xbaab
 .debug_line    0x0000000000000000      0x233 ./User/ch32v30x_it.o
 .debug_line    0x0000000000000233     0x189c ./User/ch32v30x_usbhs_device.o
 .debug_line    0x0000000000001acf      0x418 ./User/main.o
 .debug_line    0x0000000000001ee7      0x769 ./User/system_ch32v30x.o
 .debug_line    0x0000000000002650     0x1014 ./User/usbd_compostie_km.o
 .debug_line    0x0000000000003664      0x11a ./User/usbd_desc.o
 .debug_line    0x000000000000377e      0x38f ./Startup/startup_ch32v30x_D8C.o
 .debug_line    0x0000000000003b0d      0x625 ./Peripheral/src/ch32v30x_exti.o
 .debug_line    0x0000000000004132      0xe00 ./Peripheral/src/ch32v30x_gpio.o
 .debug_line    0x0000000000004f32      0x520 ./Peripheral/src/ch32v30x_misc.o
 .debug_line    0x0000000000005452     0x19d8 ./Peripheral/src/ch32v30x_rcc.o
 .debug_line    0x0000000000006e2a     0x3464 ./Peripheral/src/ch32v30x_tim.o
 .debug_line    0x000000000000a28e     0x10bd ./Peripheral/src/ch32v30x_usart.o
 .debug_line    0x000000000000b34b      0x760 ./Debug/debug.o

.debug_str      0x0000000000000000     0x3bbc
 .debug_str     0x0000000000000000      0x54e ./User/ch32v30x_it.o
                                        0x5af (size before relaxing)
 .debug_str     0x000000000000054e     0x1182 ./User/ch32v30x_usbhs_device.o
                                       0x1725 (size before relaxing)
 .debug_str     0x00000000000016d0       0xfd ./User/main.o
                                        0x873 (size before relaxing)
 .debug_str     0x00000000000017cd       0xf6 ./User/system_ch32v30x.o
                                        0x6c6 (size before relaxing)
 .debug_str     0x00000000000018c3      0x9f6 ./User/usbd_compostie_km.o
                                       0x18d8 (size before relaxing)
 .debug_str     0x00000000000022b9       0x14 ./User/usbd_desc.o
                                        0x1fa (size before relaxing)
 .debug_str     0x00000000000022cd       0x67 ./Startup/startup_ch32v30x_D8C.o
                                         0xa7 (size before relaxing)
 .debug_str     0x0000000000002334       0xdf ./Peripheral/src/ch32v30x_exti.o
                                        0x7bf (size before relaxing)
 .debug_str     0x0000000000002413      0x251 ./Peripheral/src/ch32v30x_gpio.o
                                        0x9a3 (size before relaxing)
 .debug_str     0x0000000000002664       0xb3 ./Peripheral/src/ch32v30x_misc.o
                                        0xcfd (size before relaxing)
 .debug_str     0x0000000000002717      0x562 ./Peripheral/src/ch32v30x_rcc.o
                                        0xcfc (size before relaxing)
 .debug_str     0x0000000000002c79      0xa2c ./Peripheral/src/ch32v30x_tim.o
                                       0x12ad (size before relaxing)
 .debug_str     0x00000000000036a5      0x455 ./Peripheral/src/ch32v30x_usart.o
                                        0xb49 (size before relaxing)
 .debug_str     0x0000000000003afa       0xc2 ./Debug/debug.o
                                        0x931 (size before relaxing)

.comment        0x0000000000000000       0x33
 .comment       0x0000000000000000       0x33 ./User/ch32v30x_it.o
                                         0x34 (size before relaxing)
 .comment       0x0000000000000033       0x34 ./User/ch32v30x_usbhs_device.o
 .comment       0x0000000000000033       0x34 ./User/main.o
 .comment       0x0000000000000033       0x34 ./User/system_ch32v30x.o
 .comment       0x0000000000000033       0x34 ./User/usbd_compostie_km.o
 .comment       0x0000000000000033       0x34 ./User/usbd_desc.o
 .comment       0x0000000000000033       0x34 ./Peripheral/src/ch32v30x_exti.o
 .comment       0x0000000000000033       0x34 ./Peripheral/src/ch32v30x_gpio.o
 .comment       0x0000000000000033       0x34 ./Peripheral/src/ch32v30x_misc.o
 .comment       0x0000000000000033       0x34 ./Peripheral/src/ch32v30x_rcc.o
 .comment       0x0000000000000033       0x34 ./Peripheral/src/ch32v30x_tim.o
 .comment       0x0000000000000033       0x34 ./Peripheral/src/ch32v30x_usart.o
 .comment       0x0000000000000033       0x34 ./Debug/debug.o

.debug_frame    0x0000000000000000     0x190c
 .debug_frame   0x0000000000000000       0x30 ./User/ch32v30x_it.o
 .debug_frame   0x0000000000000030       0xf0 ./User/ch32v30x_usbhs_device.o
 .debug_frame   0x0000000000000120       0x28 ./User/main.o
 .debug_frame   0x0000000000000148       0x3c ./User/system_ch32v30x.o
 .debug_frame   0x0000000000000184      0x1b4 ./User/usbd_compostie_km.o
 .debug_frame   0x0000000000000338       0x90 ./Peripheral/src/ch32v30x_exti.o
 .debug_frame   0x00000000000003c8      0x150 ./Peripheral/src/ch32v30x_gpio.o
 .debug_frame   0x0000000000000518       0x30 ./Peripheral/src/ch32v30x_misc.o
 .debug_frame   0x0000000000000548      0x340 ./Peripheral/src/ch32v30x_rcc.o
 .debug_frame   0x0000000000000888      0x66c ./Peripheral/src/ch32v30x_tim.o
 .debug_frame   0x0000000000000ef4      0x210 ./Peripheral/src/ch32v30x_usart.o
 .debug_frame   0x0000000000001104       0xa4 ./Debug/debug.o
 .debug_frame   0x00000000000011a8       0x20 c:/mounriver/mounriver_studio/toolchain/risc-v embedded gcc/bin/../lib/gcc/riscv-none-embed/8.2.0/../../../../riscv-none-embed/lib/rv32imac/ilp32\libg_nano.a(lib_a-memcpy.o)
 .debug_frame   0x00000000000011c8       0x54 c:/mounriver/mounriver_studio/toolchain/risc-v embedded gcc/bin/../lib/gcc/riscv-none-embed/8.2.0/../../../../riscv-none-embed/lib/rv32imac/ilp32\libg_nano.a(lib_a-puts.o)
 .debug_frame   0x000000000000121c       0x50 c:/mounriver/mounriver_studio/toolchain/risc-v embedded gcc/bin/../lib/gcc/riscv-none-embed/8.2.0/../../../../riscv-none-embed/lib/rv32imac/ilp32\libg_nano.a(lib_a-wbuf.o)
 .debug_frame   0x000000000000126c       0x3c c:/mounriver/mounriver_studio/toolchain/risc-v embedded gcc/bin/../lib/gcc/riscv-none-embed/8.2.0/../../../../riscv-none-embed/lib/rv32imac/ilp32\libg_nano.a(lib_a-wsetup.o)
 .debug_frame   0x00000000000012a8       0x7c c:/mounriver/mounriver_studio/toolchain/risc-v embedded gcc/bin/../lib/gcc/riscv-none-embed/8.2.0/../../../../riscv-none-embed/lib/rv32imac/ilp32\libg_nano.a(lib_a-fflush.o)
 .debug_frame   0x0000000000001324      0x148 c:/mounriver/mounriver_studio/toolchain/risc-v embedded gcc/bin/../lib/gcc/riscv-none-embed/8.2.0/../../../../riscv-none-embed/lib/rv32imac/ilp32\libg_nano.a(lib_a-findfp.o)
 .debug_frame   0x000000000000146c       0x88 c:/mounriver/mounriver_studio/toolchain/risc-v embedded gcc/bin/../lib/gcc/riscv-none-embed/8.2.0/../../../../riscv-none-embed/lib/rv32imac/ilp32\libg_nano.a(lib_a-fwalk.o)
 .debug_frame   0x00000000000014f4       0x64 c:/mounriver/mounriver_studio/toolchain/risc-v embedded gcc/bin/../lib/gcc/riscv-none-embed/8.2.0/../../../../riscv-none-embed/lib/rv32imac/ilp32\libg_nano.a(lib_a-makebuf.o)
 .debug_frame   0x0000000000001558       0x40 c:/mounriver/mounriver_studio/toolchain/risc-v embedded gcc/bin/../lib/gcc/riscv-none-embed/8.2.0/../../../../riscv-none-embed/lib/rv32imac/ilp32\libg_nano.a(lib_a-nano-freer.o)
 .debug_frame   0x0000000000001598       0x40 c:/mounriver/mounriver_studio/toolchain/risc-v embedded gcc/bin/../lib/gcc/riscv-none-embed/8.2.0/../../../../riscv-none-embed/lib/rv32imac/ilp32\libg_nano.a(lib_a-nano-mallocr.o)
 .debug_frame   0x00000000000015d8       0x30 c:/mounriver/mounriver_studio/toolchain/risc-v embedded gcc/bin/../lib/gcc/riscv-none-embed/8.2.0/../../../../riscv-none-embed/lib/rv32imac/ilp32\libg_nano.a(lib_a-sbrkr.o)
 .debug_frame   0x0000000000001608       0xa4 c:/mounriver/mounriver_studio/toolchain/risc-v embedded gcc/bin/../lib/gcc/riscv-none-embed/8.2.0/../../../../riscv-none-embed/lib/rv32imac/ilp32\libg_nano.a(lib_a-stdio.o)
 .debug_frame   0x00000000000016ac       0x30 c:/mounriver/mounriver_studio/toolchain/risc-v embedded gcc/bin/../lib/gcc/riscv-none-embed/8.2.0/../../../../riscv-none-embed/lib/rv32imac/ilp32\libg_nano.a(lib_a-writer.o)
 .debug_frame   0x00000000000016dc       0x30 c:/mounriver/mounriver_studio/toolchain/risc-v embedded gcc/bin/../lib/gcc/riscv-none-embed/8.2.0/../../../../riscv-none-embed/lib/rv32imac/ilp32\libg_nano.a(lib_a-closer.o)
 .debug_frame   0x000000000000170c       0x30 c:/mounriver/mounriver_studio/toolchain/risc-v embedded gcc/bin/../lib/gcc/riscv-none-embed/8.2.0/../../../../riscv-none-embed/lib/rv32imac/ilp32\libg_nano.a(lib_a-fstatr.o)
 .debug_frame   0x000000000000173c       0x30 c:/mounriver/mounriver_studio/toolchain/risc-v embedded gcc/bin/../lib/gcc/riscv-none-embed/8.2.0/../../../../riscv-none-embed/lib/rv32imac/ilp32\libg_nano.a(lib_a-isattyr.o)
 .debug_frame   0x000000000000176c       0x30 c:/mounriver/mounriver_studio/toolchain/risc-v embedded gcc/bin/../lib/gcc/riscv-none-embed/8.2.0/../../../../riscv-none-embed/lib/rv32imac/ilp32\libg_nano.a(lib_a-lseekr.o)
 .debug_frame   0x000000000000179c       0x30 c:/mounriver/mounriver_studio/toolchain/risc-v embedded gcc/bin/../lib/gcc/riscv-none-embed/8.2.0/../../../../riscv-none-embed/lib/rv32imac/ilp32\libg_nano.a(lib_a-mlock.o)
 .debug_frame   0x00000000000017cc       0x30 c:/mounriver/mounriver_studio/toolchain/risc-v embedded gcc/bin/../lib/gcc/riscv-none-embed/8.2.0/../../../../riscv-none-embed/lib/rv32imac/ilp32\libg_nano.a(lib_a-readr.o)
 .debug_frame   0x00000000000017fc       0x70 c:/mounriver/mounriver_studio/toolchain/risc-v embedded gcc/bin/../lib/gcc/riscv-none-embed/8.2.0/../../../../riscv-none-embed/lib/rv32imac/ilp32\libg_nano.a(lib_a-reent.o)
 .debug_frame   0x000000000000186c       0x20 c:/mounriver/mounriver_studio/toolchain/risc-v embedded gcc/bin/../lib/gcc/riscv-none-embed/8.2.0/../../../../riscv-none-embed/lib/rv32imac/ilp32\libnosys.a(close.o)
 .debug_frame   0x000000000000188c       0x20 c:/mounriver/mounriver_studio/toolchain/risc-v embedded gcc/bin/../lib/gcc/riscv-none-embed/8.2.0/../../../../riscv-none-embed/lib/rv32imac/ilp32\libnosys.a(fstat.o)
 .debug_frame   0x00000000000018ac       0x20 c:/mounriver/mounriver_studio/toolchain/risc-v embedded gcc/bin/../lib/gcc/riscv-none-embed/8.2.0/../../../../riscv-none-embed/lib/rv32imac/ilp32\libnosys.a(isatty.o)
 .debug_frame   0x00000000000018cc       0x20 c:/mounriver/mounriver_studio/toolchain/risc-v embedded gcc/bin/../lib/gcc/riscv-none-embed/8.2.0/../../../../riscv-none-embed/lib/rv32imac/ilp32\libnosys.a(lseek.o)
 .debug_frame   0x00000000000018ec       0x20 c:/mounriver/mounriver_studio/toolchain/risc-v embedded gcc/bin/../lib/gcc/riscv-none-embed/8.2.0/../../../../riscv-none-embed/lib/rv32imac/ilp32\libnosys.a(read.o)

.debug_loc      0x0000000000000000     0x3da4
 .debug_loc     0x0000000000000000      0x3ac ./User/ch32v30x_usbhs_device.o
 .debug_loc     0x00000000000003ac       0xda ./User/system_ch32v30x.o
 .debug_loc     0x0000000000000486       0xcd ./User/usbd_compostie_km.o
 .debug_loc     0x0000000000000553      0x181 ./Peripheral/src/ch32v30x_exti.o
 .debug_loc     0x00000000000006d4      0x67b ./Peripheral/src/ch32v30x_gpio.o
 .debug_loc     0x0000000000000d4f       0xce ./Peripheral/src/ch32v30x_misc.o
 .debug_loc     0x0000000000000e1d      0xadb ./Peripheral/src/ch32v30x_rcc.o
 .debug_loc     0x00000000000018f8     0x1b0c ./Peripheral/src/ch32v30x_tim.o
 .debug_loc     0x0000000000003404      0x7f8 ./Peripheral/src/ch32v30x_usart.o
 .debug_loc     0x0000000000003bfc      0x1a8 ./Debug/debug.o

.stab           0x0000000000000000       0x84
 .stab          0x0000000000000000       0x24 c:/mounriver/mounriver_studio/toolchain/risc-v embedded gcc/bin/../lib/gcc/riscv-none-embed/8.2.0/../../../../riscv-none-embed/lib/rv32imac/ilp32\libnosys.a(close.o)
 .stab          0x0000000000000024       0x18 c:/mounriver/mounriver_studio/toolchain/risc-v embedded gcc/bin/../lib/gcc/riscv-none-embed/8.2.0/../../../../riscv-none-embed/lib/rv32imac/ilp32\libnosys.a(fstat.o)
                                         0x24 (size before relaxing)
 .stab          0x000000000000003c       0x18 c:/mounriver/mounriver_studio/toolchain/risc-v embedded gcc/bin/../lib/gcc/riscv-none-embed/8.2.0/../../../../riscv-none-embed/lib/rv32imac/ilp32\libnosys.a(isatty.o)
                                         0x24 (size before relaxing)
 .stab          0x0000000000000054       0x18 c:/mounriver/mounriver_studio/toolchain/risc-v embedded gcc/bin/../lib/gcc/riscv-none-embed/8.2.0/../../../../riscv-none-embed/lib/rv32imac/ilp32\libnosys.a(lseek.o)
                                         0x24 (size before relaxing)
 .stab          0x000000000000006c       0x18 c:/mounriver/mounriver_studio/toolchain/risc-v embedded gcc/bin/../lib/gcc/riscv-none-embed/8.2.0/../../../../riscv-none-embed/lib/rv32imac/ilp32\libnosys.a(read.o)
                                         0x24 (size before relaxing)

.stabstr        0x0000000000000000      0x117
 .stabstr       0x0000000000000000      0x117 c:/mounriver/mounriver_studio/toolchain/risc-v embedded gcc/bin/../lib/gcc/riscv-none-embed/8.2.0/../../../../riscv-none-embed/lib/rv32imac/ilp32\libnosys.a(close.o)
